0 verbose cli /usr/local/bin/node /usr/local/bin/npm
1 info using npm@11.8.0
2 info using node@v22.17.0
3 silly config load:file:/usr/local/lib/node_modules/npm/npmrc
4 silly config load:file:/Users/miguelfribeiro/Documents/SecLayer/.npmrc
5 silly config load:file:/Users/miguelfribeiro/.npmrc
6 silly config load:file:/Users/miguelfribeiro/.npm-global/etc/npmrc
7 verbose title npm install @types/sql.js
8 verbose argv "install" "--cache" "./.npm-cache" "--save-dev" "@types/sql.js"
9 verbose logfile logs-max:10 dir:/Users/miguelfribeiro/Documents/SecLayer/.npm-cache/_logs/2026-05-10T21_50_49_264Z-
10 verbose logfile /Users/miguelfribeiro/Documents/SecLayer/.npm-cache/_logs/2026-05-10T21_50_49_264Z-debug-0.log
11 silly logfile done cleaning log files
12 silly packumentCache heap:4345298944 maxSize:1086324736 maxEntrySize:543162368
13 silly idealTree buildDeps
14 silly fetch manifest @types/sql.js@*
15 silly packumentCache full:https://registry.npmjs.org/@types%2fsql.js cache-miss
16 verbose shrinkwrap failed to load node_modules/.package-lock.json out of date, updated: node_modules/@humanwhocodes
17 http fetch GET 200 https://registry.npmjs.org/@types%2fsql.js 120ms (cache miss)
18 silly packumentCache full:https://registry.npmjs.org/@types%2fsql.js set size:undefined disposed:false
19 silly placeDep ROOT @types/sql.js@1.4.11 OK for: seclayers@0.1.0 want: *
20 silly fetch manifest @types/emscripten@*
21 silly packumentCache full:https://registry.npmjs.org/@types%2femscripten cache-miss
22 http fetch GET 200 https://registry.npmjs.org/@types%2femscripten 210ms (cache miss)
23 silly packumentCache full:https://registry.npmjs.org/@types%2femscripten set size:undefined disposed:false
24 silly placeDep ROOT @types/emscripten@1.41.5 OK for: @types/sql.js@1.4.11 want: *
25 silly reify moves {}
26 silly audit bulk request {
26 silly audit   '@alloc/quick-lru': [ '5.2.0' ],
26 silly audit   '@babel/code-frame': [ '7.29.0' ],
26 silly audit   '@babel/helper-validator-identifier': [ '7.28.5' ],
26 silly audit   '@emnapi/core': [ '1.10.0' ],
26 silly audit   '@emnapi/runtime': [ '1.10.0' ],
26 silly audit   '@emnapi/wasi-threads': [ '1.2.1' ],
26 silly audit   '@eslint-community/eslint-utils': [ '4.9.1' ],
26 silly audit   '@eslint-community/regexpp': [ '4.12.2' ],
26 silly audit   '@eslint/eslintrc': [ '2.1.4' ],
26 silly audit   '@eslint/js': [ '8.57.1' ],
26 silly audit   '@humanwhocodes/config-array': [ '0.13.0' ],
26 silly audit   '@humanwhocodes/module-importer': [ '1.0.1' ],
26 silly audit   '@humanwhocodes/object-schema': [ '2.0.3' ],
26 silly audit   '@isaacs/cliui': [ '8.0.2' ],
26 silly audit   'ansi-regex': [ '6.2.2', '5.0.1' ],
26 silly audit   'strip-ansi': [ '7.2.0', '6.0.1' ],
26 silly audit   '@jridgewell/gen-mapping': [ '0.3.13' ],
26 silly audit   '@jridgewell/resolve-uri': [ '3.1.2' ],
26 silly audit   '@jridgewell/sourcemap-codec': [ '1.5.5' ],
26 silly audit   '@jridgewell/trace-mapping': [ '0.3.31' ],
26 silly audit   '@mdx-js/loader': [ '3.1.1' ],
26 silly audit   '@mdx-js/mdx': [ '3.1.1' ],
26 silly audit   '@mdx-js/react': [ '3.1.1' ],
26 silly audit   '@napi-rs/wasm-runtime': [ '0.2.12' ],
26 silly audit   '@next/env': [ '14.2.35' ],
26 silly audit   '@next/eslint-plugin-next': [ '14.2.35' ],
26 silly audit   '@next/mdx': [ '14.2.35' ],
26 silly audit   '@next/swc-darwin-arm64': [ '14.2.33' ],
26 silly audit   '@next/swc-darwin-x64': [ '14.2.33' ],
26 silly audit   '@next/swc-linux-arm64-gnu': [ '14.2.33' ],
26 silly audit   '@next/swc-linux-arm64-musl': [ '14.2.33' ],
26 silly audit   '@next/swc-linux-x64-gnu': [ '14.2.33' ],
26 silly audit   '@next/swc-linux-x64-musl': [ '14.2.33' ],
26 silly audit   '@next/swc-win32-arm64-msvc': [ '14.2.33' ],
26 silly audit   '@next/swc-win32-ia32-msvc': [ '14.2.33' ],
26 silly audit   '@next/swc-win32-x64-msvc': [ '14.2.33' ],
26 silly audit   '@nodelib/fs.scandir': [ '2.1.5' ],
26 silly audit   '@nodelib/fs.stat': [ '2.0.5' ],
26 silly audit   '@nodelib/fs.walk': [ '1.2.8' ],
26 silly audit   '@nolyfill/is-core-module': [ '1.0.39' ],
26 silly audit   '@pkgjs/parseargs': [ '0.11.0' ],
26 silly audit   '@rtsao/scc': [ '1.1.0' ],
26 silly audit   '@rushstack/eslint-patch': [ '1.16.1' ],
26 silly audit   '@swc/counter': [ '0.1.3' ],
26 silly audit   '@swc/helpers': [ '0.5.5' ],
26 silly audit   '@tybys/wasm-util': [ '0.10.2' ],
26 silly audit   '@types/debug': [ '4.1.13' ],
26 silly audit   '@types/estree': [ '1.0.9' ],
26 silly audit   '@types/estree-jsx': [ '1.0.5' ],
26 silly audit   '@types/hast': [ '3.0.4' ],
26 silly audit   '@types/json5': [ '0.0.29' ],
26 silly audit   '@types/katex': [ '0.16.8' ],
26 silly audit   '@types/mdast': [ '4.0.4' ],
26 silly audit   '@types/mdx': [ '2.0.13' ],
26 silly audit   '@types/ms': [ '2.1.0' ],
26 silly audit   '@types/node': [ '20.19.40' ],
26 silly audit   '@types/prop-types': [ '15.7.15' ],
26 silly audit   '@types/react': [ '18.3.28' ],
26 silly audit   '@types/react-dom': [ '18.3.7' ],
26 silly audit   '@types/unist': [ '3.0.3', '2.0.11' ],
26 silly audit   '@typescript-eslint/eslint-plugin': [ '8.59.2' ],
26 silly audit   ignore: [ '7.0.5', '5.3.2' ],
26 silly audit   '@typescript-eslint/parser': [ '8.59.2' ],
26 silly audit   '@typescript-eslint/project-service': [ '8.59.2' ],
26 silly audit   '@typescript-eslint/scope-manager': [ '8.59.2' ],
26 silly audit   '@typescript-eslint/tsconfig-utils': [ '8.59.2' ],
26 silly audit   '@typescript-eslint/type-utils': [ '8.59.2' ],
26 silly audit   '@typescript-eslint/types': [ '8.59.2' ],
26 silly audit   '@typescript-eslint/typescript-estree': [ '8.59.2' ],
26 silly audit   'balanced-match': [ '4.0.4', '1.0.2' ],
26 silly audit   'brace-expansion': [ '5.0.6', '1.1.14', '2.1.0' ],
26 silly audit   minimatch: [ '10.2.5', '9.0.9', '3.1.5' ],
26 silly audit   '@typescript-eslint/utils': [ '8.59.2' ],
26 silly audit   '@typescript-eslint/visitor-keys': [ '8.59.2' ],
26 silly audit   'eslint-visitor-keys': [ '5.0.1', '3.4.3' ],
26 silly audit   '@ungap/structured-clone': [ '1.3.1' ],
26 silly audit   '@unrs/resolver-binding-android-arm-eabi': [ '1.11.1' ],
26 silly audit   '@unrs/resolver-binding-android-arm64': [ '1.11.1' ],
26 silly audit   '@unrs/resolver-binding-darwin-arm64': [ '1.11.1' ],
26 silly audit   '@unrs/resolver-binding-darwin-x64': [ '1.11.1' ],
26 silly audit   '@unrs/resolver-binding-freebsd-x64': [ '1.11.1' ],
26 silly audit   '@unrs/resolver-binding-linux-arm-gnueabihf': [ '1.11.1' ],
26 silly audit   '@unrs/resolver-binding-linux-arm-musleabihf': [ '1.11.1' ],
26 silly audit   '@unrs/resolver-binding-linux-arm64-gnu': [ '1.11.1' ],
26 silly audit   '@unrs/resolver-binding-linux-arm64-musl': [ '1.11.1' ],
26 silly audit   '@unrs/resolver-binding-linux-ppc64-gnu': [ '1.11.1' ],
26 silly audit   '@unrs/resolver-binding-linux-riscv64-gnu': [ '1.11.1' ],
26 silly audit   '@unrs/resolver-binding-linux-riscv64-musl': [ '1.11.1' ],
26 silly audit   '@unrs/resolver-binding-linux-s390x-gnu': [ '1.11.1' ],
26 silly audit   '@unrs/resolver-binding-linux-x64-gnu': [ '1.11.1' ],
26 silly audit   '@unrs/resolver-binding-linux-x64-musl': [ '1.11.1' ],
26 silly audit   '@unrs/resolver-binding-wasm32-wasi': [ '1.11.1' ],
26 silly audit   '@unrs/resolver-binding-win32-arm64-msvc': [ '1.11.1' ],
26 silly audit   '@unrs/resolver-binding-win32-ia32-msvc': [ '1.11.1' ],
26 silly audit   '@unrs/resolver-binding-win32-x64-msvc': [ '1.11.1' ],
26 silly audit   acorn: [ '8.16.0' ],
26 silly audit   'acorn-jsx': [ '5.3.2' ],
26 silly audit   ajv: [ '6.15.0' ],
26 silly audit   'ansi-styles': [ '4.3.0', '6.2.3' ],
26 silly audit   'any-promise': [ '1.3.0' ],
26 silly audit   anymatch: [ '3.1.3' ],
26 silly audit   arg: [ '5.0.2' ],
26 silly audit   argparse: [ '2.0.1' ],
26 silly audit   'aria-query': [ '5.3.2' ],
26 silly audit   'array-buffer-byte-length': [ '1.0.2' ],
26 silly audit   'array-includes': [ '3.1.9' ],
26 silly audit   'array.prototype.findlast': [ '1.2.5' ],
26 silly audit   'array.prototype.findlastindex': [ '1.2.6' ],
26 silly audit   'array.prototype.flat': [ '1.3.3' ],
26 silly audit   'array.prototype.flatmap': [ '1.3.3' ],
26 silly audit   'array.prototype.tosorted': [ '1.1.4' ],
26 silly audit   'arraybuffer.prototype.slice': [ '1.0.4' ],
26 silly audit   'ast-types-flow': [ '0.0.8' ],
26 silly audit   astring: [ '1.9.0' ],
26 silly audit   'async-function': [ '1.0.0' ],
26 silly audit   autoprefixer: [ '10.5.0' ],
26 silly audit   'available-typed-arrays': [ '1.0.7' ],
26 silly audit   'axe-core': [ '4.11.4' ],
26 silly audit   'axobject-query': [ '4.1.0' ],
26 silly audit   bail: [ '2.0.2' ],
26 silly audit   'baseline-browser-mapping': [ '2.10.29' ],
26 silly audit   'binary-extensions': [ '2.3.0' ],
26 silly audit   braces: [ '3.0.3' ],
26 silly audit   browserslist: [ '4.28.2' ],
26 silly audit   busboy: [ '1.6.0' ],
26 silly audit   'call-bind': [ '1.0.9' ],
26 silly audit   'call-bind-apply-helpers': [ '1.0.2' ],
26 silly audit   'call-bound': [ '1.0.4' ],
26 silly audit   callsites: [ '3.1.0' ],
26 silly audit   'camelcase-css': [ '2.0.1' ],
26 silly audit   'caniuse-lite': [ '1.0.30001792' ],
26 silly audit   ccount: [ '2.0.1' ],
26 silly audit   chalk: [ '4.1.2' ],
26 silly audit   'character-entities': [ '2.0.2' ],
26 silly audit   'character-entities-html4': [ '2.1.0' ],
26 silly audit   'character-entities-legacy': [ '3.0.0' ],
26 silly audit   'character-reference-invalid': [ '2.0.1' ],
26 silly audit   chokidar: [ '3.6.0' ],
26 silly audit   'glob-parent': [ '5.1.2', '6.0.2' ],
26 silly audit   'client-only': [ '0.0.1' ],
26 silly audit   'collapse-white-space': [ '2.1.0' ],
26 silly audit   'color-convert': [ '2.0.1' ],
26 silly audit   'color-name': [ '1.1.4' ],
26 silly audit   'comma-separated-tokens': [ '2.0.3' ],
26 silly audit   commander: [ '8.3.0', '4.1.1' ],
26 silly audit   'concat-map': [ '0.0.1' ],
26 silly audit   'cross-spawn': [ '7.0.6' ],
26 silly audit   cssesc: [ '3.0.0' ],
26 silly audit   csstype: [ '3.2.3' ],
26 silly audit   'damerau-levenshtein': [ '1.0.8' ],
26 silly audit   'data-view-buffer': [ '1.0.2' ],
26 silly audit   'data-view-byte-length': [ '1.0.2' ],
26 silly audit   'data-view-byte-offset': [ '1.0.1' ],
26 silly audit   debug: [ '4.4.3', '3.2.7' ],
26 silly audit   'decode-named-character-reference': [ '1.3.0' ],
26 silly audit   'deep-is': [ '0.1.4' ],
26 silly audit   'define-data-property': [ '1.1.4' ],
26 silly audit   'define-properties': [ '1.2.1' ],
26 silly audit   dequal: [ '2.0.3' ],
26 silly audit   devlop: [ '1.1.0' ],
26 silly audit   didyoumean: [ '1.2.2' ],
26 silly audit   dlv: [ '1.1.3' ],
26 silly audit   doctrine: [ '3.0.0', '2.1.0' ],
26 silly audit   'dunder-proto': [ '1.0.1' ],
26 silly audit   eastasianwidth: [ '0.2.0' ],
26 silly audit   'electron-to-chromium': [ '1.5.353' ],
26 silly audit   'emoji-regex': [ '9.2.2', '8.0.0' ],
26 silly audit   entities: [ '6.0.1' ],
26 silly audit   'es-abstract': [ '1.24.2' ],
26 silly audit   'es-define-property': [ '1.0.1' ],
26 silly audit   'es-errors': [ '1.3.0' ],
26 silly audit   'es-iterator-helpers': [ '1.3.2' ],
26 silly audit   'es-object-atoms': [ '1.1.1' ],
26 silly audit   'es-set-tostringtag': [ '2.1.0' ],
26 silly audit   'es-shim-unscopables': [ '1.1.0' ],
26 silly audit   'es-to-primitive': [ '1.3.0' ],
26 silly audit   'esast-util-from-estree': [ '2.0.0' ],
26 silly audit   'esast-util-from-js': [ '2.0.1' ],
26 silly audit   escalade: [ '3.2.0' ],
26 silly audit   'escape-string-regexp': [ '4.0.0' ],
26 silly audit   eslint: [ '8.57.1' ],
26 silly audit   'eslint-config-next': [ '14.2.35' ],
26 silly audit   'eslint-import-resolver-node': [ '0.3.10' ],
26 silly audit   'eslint-import-resolver-typescript': [ '3.10.1' ],
26 silly audit   'eslint-module-utils': [ '2.12.1' ],
26 silly audit   'eslint-plugin-import': [ '2.32.0' ],
26 silly audit   semver: [ '6.3.1', '7.8.0' ],
26 silly audit   'eslint-plugin-jsx-a11y': [ '6.10.2' ],
26 silly audit   'eslint-plugin-react': [ '7.37.5' ],
26 silly audit   'eslint-plugin-react-hooks': [ '5.0.0-canary-7118f5dd7-20230705' ],
26 silly audit   'eslint-scope': [ '7.2.2' ],
26 silly audit   espree: [ '9.6.1' ],
26 silly audit   esquery: [ '1.7.0' ],
26 silly audit   esrecurse: [ '4.3.0' ],
26 silly audit   estraverse: [ '5.3.0' ],
26 silly audit   'estree-util-attach-comments': [ '3.0.0' ],
26 silly audit   'estree-util-build-jsx': [ '3.0.1' ],
26 silly audit   'estree-util-is-identifier-name': [ '3.0.0' ],
26 silly audit   'estree-util-scope': [ '1.0.0' ],
26 silly audit   'estree-util-to-js': [ '2.0.0' ],
26 silly audit   'estree-util-visit': [ '2.0.0' ],
26 silly audit   'estree-walker': [ '3.0.3' ],
26 silly audit   esutils: [ '2.0.3' ],
26 silly audit   extend: [ '3.0.2' ],
26 silly audit   'fast-deep-equal': [ '3.1.3' ],
26 silly audit   'fast-glob': [ '3.3.3' ],
26 silly audit   'fast-json-stable-stringify': [ '2.1.0' ],
26 silly audit   'fast-levenshtein': [ '2.0.6' ],
26 silly audit   fastq: [ '1.20.1' ],
26 silly audit   'file-entry-cache': [ '6.0.1' ],
26 silly audit   'fill-range': [ '7.1.1' ],
26 silly audit   'find-up': [ '5.0.0' ],
26 silly audit   'flat-cache': [ '3.2.0' ],
26 silly audit   flatted: [ '3.4.2' ],
26 silly audit   'for-each': [ '0.3.5' ],
26 silly audit   'foreground-child': [ '3.3.1' ],
26 silly audit   'fraction.js': [ '5.3.4' ],
26 silly audit   'fs.realpath': [ '1.0.0' ],
26 silly audit   fsevents: [ '2.3.3' ],
26 silly audit   'function-bind': [ '1.1.2' ],
26 silly audit   'function.prototype.name': [ '1.1.8' ],
26 silly audit   'functions-have-names': [ '1.2.3' ],
26 silly audit   'generator-function': [ '2.0.1' ],
26 silly audit   'get-intrinsic': [ '1.3.0' ],
26 silly audit   'get-proto': [ '1.0.1' ],
26 silly audit   'get-symbol-description': [ '1.1.0' ],
26 silly audit   'get-tsconfig': [ '4.14.0' ],
26 silly audit   glob: [ '10.3.10', '7.2.3' ],
26 silly audit   globals: [ '13.24.0' ],
26 silly audit   globalthis: [ '1.0.4' ],
26 silly audit   gopd: [ '1.2.0' ],
26 silly audit   'graceful-fs': [ '4.2.11' ],
26 silly audit   graphemer: [ '1.4.0' ],
26 silly audit   'has-bigints': [ '1.1.0' ],
26 silly audit   'has-flag': [ '4.0.0' ],
26 silly audit   'has-property-descriptors': [ '1.0.2' ],
26 silly audit   'has-proto': [ '1.2.0' ],
26 silly audit   'has-symbols': [ '1.1.0' ],
26 silly audit   'has-tostringtag': [ '1.0.2' ],
26 silly audit   hasown: [ '2.0.3' ],
26 silly audit   'hast-util-from-dom': [ '5.0.1' ],
26 silly audit   'hast-util-from-html': [ '2.0.3' ],
26 silly audit   'hast-util-from-html-isomorphic': [ '2.0.0' ],
26 silly audit   'hast-util-from-parse5': [ '8.0.3' ],
26 silly audit   'hast-util-is-element': [ '3.0.0' ],
26 silly audit   'hast-util-parse-selector': [ '4.0.0' ],
26 silly audit   'hast-util-to-estree': [ '3.1.3' ],
26 silly audit   'hast-util-to-jsx-runtime': [ '2.3.6' ],
26 silly audit   'hast-util-to-text': [ '4.0.2' ],
26 silly audit   'hast-util-whitespace': [ '3.0.0' ],
26 silly audit   hastscript: [ '9.0.1' ],
26 silly audit   'highlight.js': [ '11.11.1' ],
26 silly audit   'import-fresh': [ '3.3.1' ],
26 silly audit   imurmurhash: [ '0.1.4' ],
26 silly audit   inflight: [ '1.0.6' ],
26 silly audit   inherits: [ '2.0.4' ],
26 silly audit   'inline-style-parser': [ '0.2.7' ],
26 silly audit   'internal-slot': [ '1.1.0' ],
26 silly audit   'is-alphabetical': [ '2.0.1' ],
26 silly audit   'is-alphanumerical': [ '2.0.1' ],
26 silly audit   'is-array-buffer': [ '3.0.5' ],
26 silly audit   'is-async-function': [ '2.1.1' ],
26 silly audit   'is-bigint': [ '1.1.0' ],
26 silly audit   'is-binary-path': [ '2.1.0' ],
26 silly audit   'is-boolean-object': [ '1.2.2' ],
26 silly audit   'is-bun-module': [ '2.0.0' ],
26 silly audit   'is-callable': [ '1.2.7' ],
26 silly audit   'is-core-module': [ '2.16.2' ],
26 silly audit   'is-data-view': [ '1.0.2' ],
26 silly audit   'is-date-object': [ '1.1.0' ],
26 silly audit   'is-decimal': [ '2.0.1' ],
26 silly audit   'is-extglob': [ '2.1.1' ],
26 silly audit   'is-finalizationregistry': [ '1.1.1' ],
26 silly audit   'is-fullwidth-code-point': [ '3.0.0' ],
26 silly audit   'is-generator-function': [ '1.1.2' ],
26 silly audit   'is-glob': [ '4.0.3' ],
26 silly audit   'is-hexadecimal': [ '2.0.1' ],
26 silly audit   'is-map': [ '2.0.3' ],
26 silly audit   'is-negative-zero': [ '2.0.3' ],
26 silly audit   'is-number': [ '7.0.0' ],
26 silly audit   'is-number-object': [ '1.1.1' ],
26 silly audit   'is-path-inside': [ '3.0.3' ],
26 silly audit   'is-plain-obj': [ '4.1.0' ],
26 silly audit   'is-regex': [ '1.2.1' ],
26 silly audit   'is-set': [ '2.0.3' ],
26 silly audit   'is-shared-array-buffer': [ '1.0.4' ],
26 silly audit   'is-string': [ '1.1.1' ],
26 silly audit   'is-symbol': [ '1.1.1' ],
26 silly audit   'is-typed-array': [ '1.1.15' ],
26 silly audit   'is-weakmap': [ '2.0.2' ],
26 silly audit   'is-weakref': [ '1.1.1' ],
26 silly audit   'is-weakset': [ '2.0.4' ],
26 silly audit   isarray: [ '2.0.5' ],
26 silly audit   isexe: [ '2.0.0' ],
26 silly audit   'iterator.prototype': [ '1.1.5' ],
26 silly audit   jackspeak: [ '2.3.6' ],
26 silly audit   jiti: [ '1.21.7' ],
26 silly audit   'js-tokens': [ '4.0.0' ],
26 silly audit   'js-yaml': [ '4.1.1' ],
26 silly audit   'json-buffer': [ '3.0.1' ],
26 silly audit   'json-schema-traverse': [ '0.4.1' ],
26 silly audit   'json-stable-stringify-without-jsonify': [ '1.0.1' ],
26 silly audit   json5: [ '1.0.2' ],
26 silly audit   'jsx-ast-utils': [ '3.3.5' ],
26 silly audit   katex: [ '0.16.45' ],
26 silly audit   keyv: [ '4.5.4' ],
26 silly audit   'language-subtag-registry': [ '0.3.23' ],
26 silly audit   'language-tags': [ '1.0.9' ],
26 silly audit   levn: [ '0.4.1' ],
26 silly audit   lilconfig: [ '3.1.3' ],
26 silly audit   'lines-and-columns': [ '1.2.4' ],
26 silly audit   'locate-path': [ '6.0.0' ],
26 silly audit   'lodash.merge': [ '4.6.2' ],
26 silly audit   'longest-streak': [ '3.1.0' ],
26 silly audit   'loose-envify': [ '1.4.0' ],
26 silly audit   lowlight: [ '3.3.0' ],
26 silly audit   'lru-cache': [ '10.4.3' ],
26 silly audit   'markdown-extensions': [ '2.0.0' ],
26 silly audit   'math-intrinsics': [ '1.1.0' ],
26 silly audit   'mdast-util-from-markdown': [ '2.0.3' ],
26 silly audit   'mdast-util-math': [ '3.0.0' ],
26 silly audit   'mdast-util-mdx': [ '3.0.0' ],
26 silly audit   'mdast-util-mdx-expression': [ '2.0.1' ],
26 silly audit   'mdast-util-mdx-jsx': [ '3.2.0' ],
26 silly audit   'mdast-util-mdxjs-esm': [ '2.0.1' ],
26 silly audit   'mdast-util-phrasing': [ '4.1.0' ],
26 silly audit   'mdast-util-to-hast': [ '13.2.1' ],
26 silly audit   'mdast-util-to-markdown': [ '2.1.2' ],
26 silly audit   'mdast-util-to-string': [ '4.0.0' ],
26 silly audit   merge2: [ '1.4.1' ],
26 silly audit   micromark: [ '4.0.2' ],
26 silly audit   'micromark-core-commonmark': [ '2.0.3' ],
26 silly audit   'micromark-extension-math': [ '3.1.0' ],
26 silly audit   'micromark-extension-mdx-expression': [ '3.0.1' ],
26 silly audit   'micromark-extension-mdx-jsx': [ '3.0.2' ],
26 silly audit   'micromark-extension-mdx-md': [ '2.0.0' ],
26 silly audit   'micromark-extension-mdxjs': [ '3.0.0' ],
26 silly audit   'micromark-extension-mdxjs-esm': [ '3.0.0' ],
26 silly audit   'micromark-factory-destination': [ '2.0.1' ],
26 silly audit   'micromark-factory-label': [ '2.0.1' ],
26 silly audit   'micromark-factory-mdx-expression': [ '2.0.3' ],
26 silly audit   'micromark-factory-space': [ '2.0.1' ],
26 silly audit   'micromark-factory-title': [ '2.0.1' ],
26 silly audit   'micromark-factory-whitespace': [ '2.0.1' ],
26 silly audit   'micromark-util-character': [ '2.1.1' ],
26 silly audit   'micromark-util-chunked': [ '2.0.1' ],
26 silly audit   'micromark-util-classify-character': [ '2.0.1' ],
26 silly audit   'micromark-util-combine-extensions': [ '2.0.1' ],
26 silly audit   'micromark-util-decode-numeric-character-reference': [ '2.0.2' ],
26 silly audit   'micromark-util-decode-string': [ '2.0.1' ],
26 silly audit   'micromark-util-encode': [ '2.0.1' ],
26 silly audit   'micromark-util-events-to-acorn': [ '2.0.3' ],
26 silly audit   'micromark-util-html-tag-name': [ '2.0.1' ],
26 silly audit   'micromark-util-normalize-identifier': [ '2.0.1' ],
26 silly audit   'micromark-util-resolve-all': [ '2.0.1' ],
26 silly audit   'micromark-util-sanitize-uri': [ '2.0.1' ],
26 silly audit   'micromark-util-subtokenize': [ '2.1.0' ],
26 silly audit   'micromark-util-symbol': [ '2.0.1' ],
26 silly audit   'micromark-util-types': [ '2.0.2' ],
26 silly audit   micromatch: [ '4.0.8' ],
26 silly audit   minimist: [ '1.2.8' ],
26 silly audit   minipass: [ '7.1.3' ],
26 silly audit   ms: [ '2.1.3' ],
26 silly audit   mz: [ '2.7.0' ],
26 silly audit   nanoid: [ '3.3.12' ],
26 silly audit   'napi-postinstall': [ '0.3.4' ],
26 silly audit   'natural-compare': [ '1.4.0' ],
26 silly audit   next: [ '14.2.35' ],
26 silly audit   'next-mdx-remote': [ '6.0.0' ],
26 silly audit   postcss: [ '8.4.31', '8.5.14' ],
26 silly audit   'node-exports-info': [ '1.6.0' ],
26 silly audit   'node-releases': [ '2.0.38' ],
26 silly audit   'normalize-path': [ '3.0.0' ],
26 silly audit   'object-assign': [ '4.1.1' ],
26 silly audit   'object-hash': [ '3.0.0' ],
26 silly audit   'object-inspect': [ '1.13.4' ],
26 silly audit   'object-keys': [ '1.1.1' ],
26 silly audit   'object.assign': [ '4.1.7' ],
26 silly audit   'object.entries': [ '1.1.9' ],
26 silly audit   'object.fromentries': [ '2.0.8' ],
26 silly audit   'object.groupby': [ '1.0.3' ],
26 silly audit   'object.values': [ '1.2.1' ],
26 silly audit   once: [ '1.4.0' ],
26 silly audit   optionator: [ '0.9.4' ],
26 silly audit   'own-keys': [ '1.0.1' ],
26 silly audit   'p-limit': [ '3.1.0' ],
26 silly audit   'p-locate': [ '5.0.0' ],
26 silly audit   'parent-module': [ '1.0.1' ],
26 silly audit   'parse-entities': [ '4.0.2' ],
26 silly audit   parse5: [ '7.3.0' ],
26 silly audit   'path-exists': [ '4.0.0' ],
26 silly audit   'path-is-absolute': [ '1.0.1' ],
26 silly audit   'path-key': [ '3.1.1' ],
26 silly audit   'path-parse': [ '1.0.7' ],
26 silly audit   'path-scurry': [ '1.11.1' ],
26 silly audit   picocolors: [ '1.1.1' ],
26 silly audit   picomatch: [ '2.3.2', '4.0.4' ],
26 silly audit   pify: [ '2.3.0' ],
26 silly audit   pirates: [ '4.0.7' ],
26 silly audit   'possible-typed-array-names': [ '1.1.0' ],
26 silly audit   'postcss-import': [ '15.1.0' ],
26 silly audit   resolve: [ '1.22.12', '2.0.0-next.6' ],
26 silly audit   'postcss-js': [ '4.1.0' ],
26 silly audit   'postcss-load-config': [ '6.0.1' ],
26 silly audit   'postcss-nested': [ '6.2.0' ],
26 silly audit   'postcss-selector-parser': [ '6.1.2' ],
26 silly audit   'postcss-value-parser': [ '4.2.0' ],
26 silly audit   'prelude-ls': [ '1.2.1' ],
26 silly audit   'prop-types': [ '15.8.1' ],
26 silly audit   'property-information': [ '7.1.0' ],
26 silly audit   punycode: [ '2.3.1' ],
26 silly audit   'queue-microtask': [ '1.2.3' ],
26 silly audit   react: [ '18.3.1' ],
26 silly audit   'react-dom': [ '18.3.1' ],
26 silly audit   'react-is': [ '16.13.1' ],
26 silly audit   'read-cache': [ '1.0.0' ],
26 silly audit   readdirp: [ '3.6.0' ],
26 silly audit   'recma-build-jsx': [ '1.0.0' ],
26 silly audit   'recma-jsx': [ '1.0.1' ],
26 silly audit   'recma-parse': [ '1.0.0' ],
26 silly audit   'recma-stringify': [ '1.0.0' ],
26 silly audit   'reflect.getprototypeof': [ '1.0.10' ],
26 silly audit   'regexp.prototype.flags': [ '1.5.4' ],
26 silly audit   'rehype-highlight': [ '7.0.2' ],
26 silly audit   'rehype-katex': [ '7.0.1' ],
26 silly audit   'rehype-recma': [ '1.0.0' ],
26 silly audit   'remark-math': [ '6.0.0' ],
26 silly audit   'remark-mdx': [ '3.1.1' ],
26 silly audit   'remark-parse': [ '11.0.0' ],
26 silly audit   'remark-rehype': [ '11.1.2' ],
26 silly audit   'resolve-from': [ '4.0.0' ],
26 silly audit   'resolve-pkg-maps': [ '1.0.0' ],
26 silly audit   reusify: [ '1.1.0' ],
26 silly audit   rimraf: [ '3.0.2' ],
26 silly audit   'run-parallel': [ '1.2.0' ],
26 silly audit   'safe-array-concat': [ '1.1.4' ],
26 silly audit   'safe-push-apply': [ '1.0.0' ],
26 silly audit   'safe-regex-test': [ '1.1.0' ],
26 silly audit   scheduler: [ '0.23.2' ],
26 silly audit   'set-function-length': [ '1.2.2' ],
26 silly audit   'set-function-name': [ '2.0.2' ],
26 silly audit   'set-proto': [ '1.0.0' ],
26 silly audit   'shebang-command': [ '2.0.0' ],
26 silly audit   'shebang-regex': [ '3.0.0' ],
26 silly audit   'side-channel': [ '1.1.0' ],
26 silly audit   'side-channel-list': [ '1.0.1' ],
26 silly audit   'side-channel-map': [ '1.0.1' ],
26 silly audit   'side-channel-weakmap': [ '1.0.2' ],
26 silly audit   'signal-exit': [ '4.1.0' ],
26 silly audit   'source-map': [ '0.7.6' ],
26 silly audit   'source-map-js': [ '1.2.1' ],
26 silly audit   'space-separated-tokens': [ '2.0.2' ],
26 silly audit   'sql.js': [ '1.14.1' ],
26 silly audit   'stable-hash': [ '0.0.5' ],
26 silly audit   'stop-iteration-iterator': [ '1.1.0' ],
26 silly audit   streamsearch: [ '1.1.0' ],
26 silly audit   'string-width': [ '5.1.2', '4.2.3' ],
26 silly audit   'string.prototype.includes': [ '2.0.1' ],
26 silly audit   'string.prototype.matchall': [ '4.0.12' ],
26 silly audit   'string.prototype.repeat': [ '1.0.0' ],
26 silly audit   'string.prototype.trim': [ '1.2.10' ],
26 silly audit   'string.prototype.trimend': [ '1.0.9' ],
26 silly audit   'string.prototype.trimstart': [ '1.0.8' ],
26 silly audit   'stringify-entities': [ '4.0.4' ],
26 silly audit   'strip-bom': [ '3.0.0' ],
26 silly audit   'strip-json-comments': [ '3.1.1' ],
26 silly audit   'style-to-js': [ '1.1.21' ],
26 silly audit   'style-to-object': [ '1.0.14' ],
26 silly audit   'styled-jsx': [ '5.1.1' ],
26 silly audit   sucrase: [ '3.35.1' ],
26 silly audit   'supports-color': [ '7.2.0' ],
26 silly audit   'supports-preserve-symlinks-flag': [ '1.0.0' ],
26 silly audit   tailwindcss: [ '3.4.19' ],
26 silly audit   'text-table': [ '0.2.0' ],
26 silly audit   thenify: [ '3.3.1' ],
26 silly audit   'thenify-all': [ '1.6.0' ],
26 silly audit   tinyglobby: [ '0.2.16' ],
26 silly audit   fdir: [ '6.5.0' ],
26 silly audit   'to-regex-range': [ '5.0.1' ],
26 silly audit   'trim-lines': [ '3.0.1' ],
26 silly audit   trough: [ '2.2.0' ],
26 silly audit   'ts-api-utils': [ '2.5.0' ],
26 silly audit   'ts-interface-checker': [ '0.1.13' ],
26 silly audit   'tsconfig-paths': [ '3.15.0' ],
26 silly audit   tslib: [ '2.8.1' ],
26 silly audit   'type-check': [ '0.4.0' ],
26 silly audit   'type-fest': [ '0.20.2' ],
26 silly audit   'typed-array-buffer': [ '1.0.3' ],
26 silly audit   'typed-array-byte-length': [ '1.0.3' ],
26 silly audit   'typed-array-byte-offset': [ '1.0.4' ],
26 silly audit   'typed-array-length': [ '1.0.7' ],
26 silly audit   typescript: [ '5.9.3' ],
26 silly audit   'unbox-primitive': [ '1.1.0' ],
26 silly audit   'undici-types': [ '6.21.0' ],
26 silly audit   unified: [ '11.0.5' ],
26 silly audit   'unist-util-find-after': [ '5.0.0' ],
26 silly audit   'unist-util-is': [ '6.0.1' ],
26 silly audit   'unist-util-position': [ '5.0.0' ],
26 silly audit   'unist-util-position-from-estree': [ '2.0.0' ],
26 silly audit   'unist-util-remove': [ '4.0.0' ],
26 silly audit   'unist-util-remove-position': [ '5.0.0' ],
26 silly audit   'unist-util-stringify-position': [ '4.0.0' ],
26 silly audit   'unist-util-visit': [ '5.1.0' ],
26 silly audit   'unist-util-visit-parents': [ '6.0.2' ],
26 silly audit   'unrs-resolver': [ '1.11.1' ],
26 silly audit   'update-browserslist-db': [ '1.2.3' ],
26 silly audit   'uri-js': [ '4.4.1' ],
26 silly audit   'util-deprecate': [ '1.0.2' ],
26 silly audit   vfile: [ '6.0.3' ],
26 silly audit   'vfile-location': [ '5.0.3' ],
26 silly audit   'vfile-matter': [ '5.0.1' ],
26 silly audit   'vfile-message': [ '4.0.3' ],
26 silly audit   'web-namespaces': [ '2.0.1' ],
26 silly audit   which: [ '2.0.2' ],
26 silly audit   'which-boxed-primitive': [ '1.1.1' ],
26 silly audit   'which-builtin-type': [ '1.2.1' ],
26 silly audit   'which-collection': [ '1.0.2' ],
26 silly audit   'which-typed-array': [ '1.1.20' ],
26 silly audit   'word-wrap': [ '1.2.5' ],
26 silly audit   'wrap-ansi': [ '8.1.0', '7.0.0' ],
26 silly audit   wrappy: [ '1.0.2' ],
26 silly audit   yaml: [ '2.8.4' ],
26 silly audit   'yocto-queue': [ '0.1.0' ],
26 silly audit   zwitch: [ '2.0.4' ],
26 silly audit   '@types/sql.js': [ '1.4.11' ],
26 silly audit   '@types/emscripten': [ '1.41.5' ]
26 silly audit }
27 http cache @types/emscripten@https://registry.npmjs.org/@types/emscripten/-/emscripten-1.41.5.tgz 0ms (cache hit)
28 http cache @types/sql.js@https://registry.npmjs.org/@types/sql.js/-/sql.js-1.4.11.tgz 0ms (cache hit)
29 silly tarball no local data for @types/emscripten@https://registry.npmjs.org/@types/emscripten/-/emscripten-1.41.5.tgz. Extracting by manifest.
30 silly tarball no local data for @types/sql.js@https://registry.npmjs.org/@types/sql.js/-/sql.js-1.4.11.tgz. Extracting by manifest.
31 http fetch POST 200 https://registry.npmjs.org/-/npm/v1/security/advisories/bulk 100ms
32 silly audit report {
32 silly audit report   glob: [
32 silly audit report     {
32 silly audit report       id: 1109842,
32 silly audit report       url: 'https://github.com/advisories/GHSA-5j98-mcp5-4vw2',
32 silly audit report       title: 'glob CLI: Command injection via -c/--cmd executes matches with shell:true',
32 silly audit report       severity: 'high',
32 silly audit report       vulnerable_versions: '>=10.2.0 <10.5.0',
32 silly audit report       cwe: [Array],
32 silly audit report       cvss: [Object]
32 silly audit report     }
32 silly audit report   ],
32 silly audit report   next: [
32 silly audit report     {
32 silly audit report       id: 1112593,
32 silly audit report       url: 'https://github.com/advisories/GHSA-9g9p-9gw9-jx7f',
32 silly audit report       title: 'Next.js self-hosted applications vulnerable to DoS via Image Optimizer remotePatterns configuration',
32 silly audit report       severity: 'moderate',
32 silly audit report       vulnerable_versions: '>=10.0.0 <15.5.10',
32 silly audit report       cwe: [Array],
32 silly audit report       cvss: [Object]
32 silly audit report     },
32 silly audit report     {
32 silly audit report       id: 1112653,
32 silly audit report       url: 'https://github.com/advisories/GHSA-h25m-26qc-wcjf',
32 silly audit report       title: 'Next.js HTTP request deserialization can lead to DoS when using insecure React Server Components',
32 silly audit report       severity: 'high',
32 silly audit report       vulnerable_versions: '>=13.0.0 <15.0.8',
32 silly audit report       cwe: [Array],
32 silly audit report       cvss: [Object]
32 silly audit report     },
32 silly audit report     {
32 silly audit report       id: 1114897,
32 silly audit report       url: 'https://github.com/advisories/GHSA-ggv3-7p47-pfv8',
32 silly audit report       title: 'Next.js: HTTP request smuggling in rewrites',
32 silly audit report       severity: 'moderate',
32 silly audit report       vulnerable_versions: '>=9.5.0 <15.5.13',
32 silly audit report       cwe: [Array],
32 silly audit report       cvss: [Object]
32 silly audit report     },
32 silly audit report     {
32 silly audit report       id: 1114940,
32 silly audit report       url: 'https://github.com/advisories/GHSA-3x4c-7xq6-9pq8',
32 silly audit report       title: 'Next.js: Unbounded next/image disk cache growth can exhaust storage',
32 silly audit report       severity: 'moderate',
32 silly audit report       vulnerable_versions: '>=10.0.0 <15.5.14',
32 silly audit report       cwe: [Array],
32 silly audit report       cvss: [Object]
32 silly audit report     },
32 silly audit report     {
32 silly audit report       id: 1116376,
32 silly audit report       url: 'https://github.com/advisories/GHSA-q4gf-8mx6-v5v3',
32 silly audit report       title: 'Next.js has a Denial of Service with Server Components',
32 silly audit report       severity: 'high',
32 silly audit report       vulnerable_versions: '>=13.0.0 <15.5.15',
32 silly audit report       cwe: [Array],
32 silly audit report       cvss: [Object]
32 silly audit report     }
32 silly audit report   ],
32 silly audit report   postcss: [
32 silly audit report     {
32 silly audit report       id: 1117015,
32 silly audit report       url: 'https://github.com/advisories/GHSA-qx2v-qp2m-jg93',
32 silly audit report       title: 'PostCSS has XSS via Unescaped </style> in its CSS Stringify Output',
32 silly audit report       severity: 'moderate',
32 silly audit report       vulnerable_versions: '<8.5.10',
32 silly audit report       cwe: [Array],
32 silly audit report       cvss: [Object]
32 silly audit report     }
32 silly audit report   ]
32 silly audit report }
33 silly packumentCache corgi:https://registry.npmjs.org/glob cache-miss
34 silly packumentCache corgi:https://registry.npmjs.org/next cache-miss
35 silly packumentCache corgi:https://registry.npmjs.org/postcss cache-miss
36 http fetch GET 200 https://registry.npmjs.org/next 54ms (cache revalidated)
37 silly packumentCache corgi:https://registry.npmjs.org/next set size:24945663 disposed:false
38 http fetch GET 200 https://registry.npmjs.org/@types/sql.js/-/sql.js-1.4.11.tgz 341ms (cache miss)
39 http fetch GET 200 https://registry.npmjs.org/@types/emscripten/-/emscripten-1.41.5.tgz 341ms (cache miss)
40 http fetch GET 200 https://registry.npmjs.org/postcss 305ms (cache revalidated)
41 silly packumentCache corgi:https://registry.npmjs.org/postcss set size:343873 disposed:false
42 http fetch GET 200 https://registry.npmjs.org/glob 308ms (cache revalidated)
43 silly packumentCache corgi:https://registry.npmjs.org/glob set size:199194 disposed:false
44 silly packumentCache corgi:https://registry.npmjs.org/@next%2feslint-plugin-next cache-miss
45 http fetch GET 200 https://registry.npmjs.org/@next%2feslint-plugin-next 126ms (cache revalidated)
46 silly packumentCache corgi:https://registry.npmjs.org/@next%2feslint-plugin-next set size:3217334 disposed:false
47 silly packumentCache corgi:https://registry.npmjs.org/eslint-config-next cache-miss
48 http fetch GET 200 https://registry.npmjs.org/eslint-config-next 30ms (cache revalidated)
49 silly packumentCache corgi:https://registry.npmjs.org/eslint-config-next set size:3874819 disposed:false
50 silly ADD node_modules/@types/emscripten
51 silly ADD node_modules/@types/sql.js
52 verbose cwd /Users/miguelfribeiro/Documents/SecLayer
53 verbose os Darwin 25.4.0
54 verbose node v22.17.0
55 verbose npm  v11.8.0
56 verbose exit 0
57 info ok
