0 verbose cli /usr/local/bin/node /usr/local/bin/npm
1 info using npm@11.8.0
2 info using node@v22.17.0
3 silly config load:file:/usr/local/lib/node_modules/npm/npmrc
4 silly config load:file:/Users/miguelfribeiro/Documents/SecLayer/.npmrc
5 silly config load:file:/Users/miguelfribeiro/.npmrc
6 silly config load:file:/Users/miguelfribeiro/.npm-global/etc/npmrc
7 verbose title npm install @mdx-js/loader
8 verbose argv "install" "--cache" "./.npm-cache" "@mdx-js/loader"
9 verbose logfile logs-max:10 dir:/Users/miguelfribeiro/Documents/SecLayer/.npm-cache/_logs/2026-05-10T21_37_36_082Z-
10 verbose logfile /Users/miguelfribeiro/Documents/SecLayer/.npm-cache/_logs/2026-05-10T21_37_36_082Z-debug-0.log
11 silly logfile done cleaning log files
12 silly packumentCache heap:4345298944 maxSize:1086324736 maxEntrySize:543162368
13 silly idealTree buildDeps
14 silly fetch manifest @mdx-js/loader@*
15 silly packumentCache full:https://registry.npmjs.org/@mdx-js%2floader cache-miss
16 verbose shrinkwrap failed to load node_modules/.package-lock.json out of date, updated: node_modules/next
17 http cache https://registry.npmjs.org/@mdx-js%2floader 12ms (cache hit)
18 silly packumentCache full:https://registry.npmjs.org/@mdx-js%2floader set size:691940 disposed:false
19 silly fetch manifest webpack@>=5
20 silly packumentCache full:https://registry.npmjs.org/webpack cache-miss
21 http cache https://registry.npmjs.org/webpack 46ms (cache hit)
22 silly packumentCache full:https://registry.npmjs.org/webpack set size:5004069 disposed:false
23 silly placeDep ROOT @mdx-js/loader@3.1.1 OK for: seclayers@0.1.0 want: *
24 silly fetch manifest @mdx-js/mdx@^3.0.0
25 silly packumentCache full:https://registry.npmjs.org/@mdx-js%2fmdx cache-miss
26 http fetch GET 200 https://registry.npmjs.org/@mdx-js%2fmdx 240ms (cache miss)
27 silly packumentCache full:https://registry.npmjs.org/@mdx-js%2fmdx set size:undefined disposed:false
28 silly placeDep ROOT @mdx-js/mdx@3.1.1 OK for: @mdx-js/loader@3.1.1 want: ^3.0.0
29 silly fetch manifest @types/estree@^1.0.0
30 silly packumentCache full:https://registry.npmjs.org/@types%2festree cache-miss
31 silly fetch manifest @types/estree-jsx@^1.0.0
32 silly packumentCache full:https://registry.npmjs.org/@types%2festree-jsx cache-miss
33 silly fetch manifest collapse-white-space@^2.0.0
34 silly packumentCache full:https://registry.npmjs.org/collapse-white-space cache-miss
35 silly fetch manifest estree-util-is-identifier-name@^3.0.0
36 silly packumentCache full:https://registry.npmjs.org/estree-util-is-identifier-name cache-miss
37 silly fetch manifest estree-util-scope@^1.0.0
38 silly packumentCache full:https://registry.npmjs.org/estree-util-scope cache-miss
39 silly fetch manifest estree-walker@^3.0.0
40 silly packumentCache full:https://registry.npmjs.org/estree-walker cache-miss
41 silly fetch manifest hast-util-to-jsx-runtime@^2.0.0
42 silly packumentCache full:https://registry.npmjs.org/hast-util-to-jsx-runtime cache-miss
43 silly fetch manifest markdown-extensions@^2.0.0
44 silly packumentCache full:https://registry.npmjs.org/markdown-extensions cache-miss
45 silly fetch manifest recma-build-jsx@^1.0.0
46 silly packumentCache full:https://registry.npmjs.org/recma-build-jsx cache-miss
47 silly fetch manifest recma-jsx@^1.0.0
48 silly packumentCache full:https://registry.npmjs.org/recma-jsx cache-miss
49 silly fetch manifest recma-stringify@^1.0.0
50 silly packumentCache full:https://registry.npmjs.org/recma-stringify cache-miss
51 silly fetch manifest rehype-recma@^1.0.0
52 silly packumentCache full:https://registry.npmjs.org/rehype-recma cache-miss
53 silly fetch manifest remark-mdx@^3.0.0
54 silly packumentCache full:https://registry.npmjs.org/remark-mdx cache-miss
55 silly fetch manifest remark-parse@^11.0.0
56 silly packumentCache full:https://registry.npmjs.org/remark-parse cache-miss
57 silly fetch manifest remark-rehype@^11.0.0
58 silly packumentCache full:https://registry.npmjs.org/remark-rehype cache-miss
59 http fetch GET 200 https://registry.npmjs.org/@types%2festree 47ms (cache miss)
60 silly packumentCache full:https://registry.npmjs.org/@types%2festree set size:undefined disposed:false
61 silly fetch manifest unist-util-position-from-estree@^2.0.0
62 silly packumentCache full:https://registry.npmjs.org/unist-util-position-from-estree cache-miss
63 http fetch GET 200 https://registry.npmjs.org/collapse-white-space 64ms (cache miss)
64 silly packumentCache full:https://registry.npmjs.org/collapse-white-space set size:undefined disposed:false
65 http fetch GET 200 https://registry.npmjs.org/recma-stringify 67ms (cache miss)
66 silly packumentCache full:https://registry.npmjs.org/recma-stringify set size:undefined disposed:false
67 http fetch GET 200 https://registry.npmjs.org/estree-walker 68ms (cache miss)
68 silly packumentCache full:https://registry.npmjs.org/estree-walker set size:undefined disposed:false
69 http fetch GET 200 https://registry.npmjs.org/recma-jsx 87ms (cache miss)
70 silly packumentCache full:https://registry.npmjs.org/recma-jsx set size:undefined disposed:false
71 http fetch GET 200 https://registry.npmjs.org/estree-util-is-identifier-name 141ms (cache miss)
72 silly packumentCache full:https://registry.npmjs.org/estree-util-is-identifier-name set size:undefined disposed:false
73 http fetch GET 200 https://registry.npmjs.org/remark-parse 160ms (cache miss)
74 silly packumentCache full:https://registry.npmjs.org/remark-parse set size:undefined disposed:false
75 http fetch GET 200 https://registry.npmjs.org/unist-util-position-from-estree 116ms (cache miss)
76 silly packumentCache full:https://registry.npmjs.org/unist-util-position-from-estree set size:undefined disposed:false
77 http fetch GET 200 https://registry.npmjs.org/estree-util-scope 162ms (cache miss)
78 silly packumentCache full:https://registry.npmjs.org/estree-util-scope set size:undefined disposed:false
79 http fetch GET 200 https://registry.npmjs.org/recma-build-jsx 168ms (cache miss)
80 silly packumentCache full:https://registry.npmjs.org/recma-build-jsx set size:undefined disposed:false
81 http fetch GET 200 https://registry.npmjs.org/remark-rehype 168ms (cache miss)
82 silly packumentCache full:https://registry.npmjs.org/remark-rehype set size:undefined disposed:false
83 http fetch GET 200 https://registry.npmjs.org/markdown-extensions 169ms (cache miss)
84 silly packumentCache full:https://registry.npmjs.org/markdown-extensions set size:undefined disposed:false
85 http fetch GET 200 https://registry.npmjs.org/hast-util-to-jsx-runtime 171ms (cache miss)
86 silly packumentCache full:https://registry.npmjs.org/hast-util-to-jsx-runtime set size:undefined disposed:false
87 http fetch GET 200 https://registry.npmjs.org/@types%2festree-jsx 174ms (cache miss)
88 silly packumentCache full:https://registry.npmjs.org/@types%2festree-jsx set size:undefined disposed:false
89 http fetch GET 200 https://registry.npmjs.org/rehype-recma 172ms (cache miss)
90 silly packumentCache full:https://registry.npmjs.org/rehype-recma set size:undefined disposed:false
91 http fetch GET 200 https://registry.npmjs.org/remark-mdx 193ms (cache miss)
92 silly packumentCache full:https://registry.npmjs.org/remark-mdx set size:undefined disposed:false
93 silly fetch manifest acorn@^8.0.0
94 silly packumentCache full:https://registry.npmjs.org/acorn cache-miss
95 http cache https://registry.npmjs.org/acorn 2ms (cache hit)
96 silly packumentCache full:https://registry.npmjs.org/acorn set size:379626 disposed:false
97 silly placeDep ROOT @types/estree@1.0.9 OK for: @mdx-js/mdx@3.1.1 want: ^1.0.0
98 silly placeDep ROOT @types/estree-jsx@1.0.5 OK for: @mdx-js/mdx@3.1.1 want: ^1.0.0
99 silly placeDep ROOT collapse-white-space@2.1.0 OK for: @mdx-js/mdx@3.1.1 want: ^2.0.0
100 silly placeDep ROOT estree-util-is-identifier-name@3.0.0 OK for: @mdx-js/mdx@3.1.1 want: ^3.0.0
101 silly placeDep ROOT estree-util-scope@1.0.0 OK for: @mdx-js/mdx@3.1.1 want: ^1.0.0
102 silly placeDep ROOT estree-walker@3.0.3 OK for: @mdx-js/mdx@3.1.1 want: ^3.0.0
103 silly placeDep ROOT hast-util-to-jsx-runtime@2.3.6 OK for: @mdx-js/mdx@3.1.1 want: ^2.0.0
104 silly placeDep ROOT markdown-extensions@2.0.0 OK for: @mdx-js/mdx@3.1.1 want: ^2.0.0
105 silly placeDep ROOT recma-build-jsx@1.0.0 OK for: @mdx-js/mdx@3.1.1 want: ^1.0.0
106 silly placeDep ROOT recma-jsx@1.0.1 OK for: @mdx-js/mdx@3.1.1 want: ^1.0.0
107 silly placeDep ROOT recma-stringify@1.0.0 OK for: @mdx-js/mdx@3.1.1 want: ^1.0.0
108 silly placeDep ROOT rehype-recma@1.0.0 OK for: @mdx-js/mdx@3.1.1 want: ^1.0.0
109 silly placeDep ROOT remark-mdx@3.1.1 OK for: @mdx-js/mdx@3.1.1 want: ^3.0.0
110 silly placeDep ROOT remark-parse@11.0.0 OK for: @mdx-js/mdx@3.1.1 want: ^11.0.0
111 silly placeDep ROOT remark-rehype@11.1.2 OK for: @mdx-js/mdx@3.1.1 want: ^11.0.0
112 silly placeDep ROOT unist-util-position-from-estree@2.0.0 OK for: @mdx-js/mdx@3.1.1 want: ^2.0.0
113 silly fetch manifest hast-util-whitespace@^3.0.0
114 silly packumentCache full:https://registry.npmjs.org/hast-util-whitespace cache-miss
115 silly fetch manifest mdast-util-mdx-expression@^2.0.0
116 silly packumentCache full:https://registry.npmjs.org/mdast-util-mdx-expression cache-miss
117 silly fetch manifest mdast-util-mdx-jsx@^3.0.0
118 silly packumentCache full:https://registry.npmjs.org/mdast-util-mdx-jsx cache-miss
119 silly fetch manifest mdast-util-mdxjs-esm@^2.0.0
120 silly packumentCache full:https://registry.npmjs.org/mdast-util-mdxjs-esm cache-miss
121 silly fetch manifest style-to-js@^1.0.0
122 silly packumentCache full:https://registry.npmjs.org/style-to-js cache-miss
123 silly fetch manifest unist-util-position@^5.0.0
124 silly packumentCache full:https://registry.npmjs.org/unist-util-position cache-miss
125 silly fetch manifest estree-util-build-jsx@^3.0.0
126 silly packumentCache full:https://registry.npmjs.org/estree-util-build-jsx cache-miss
127 silly fetch manifest estree-util-to-js@^2.0.0
128 silly packumentCache full:https://registry.npmjs.org/estree-util-to-js cache-miss
129 silly fetch manifest recma-parse@^1.0.0
130 silly packumentCache full:https://registry.npmjs.org/recma-parse cache-miss
131 silly fetch manifest estree-util-to-js@^2.0.0
132 silly packumentCache full:https://registry.npmjs.org/estree-util-to-js cache-miss
133 silly fetch manifest hast-util-to-estree@^3.0.0
134 silly packumentCache full:https://registry.npmjs.org/hast-util-to-estree cache-miss
135 silly fetch manifest mdast-util-mdx@^3.0.0
136 silly packumentCache full:https://registry.npmjs.org/mdast-util-mdx cache-miss
137 silly fetch manifest micromark-extension-mdxjs@^3.0.0
138 silly packumentCache full:https://registry.npmjs.org/micromark-extension-mdxjs cache-miss
139 silly fetch manifest mdast-util-to-hast@^13.0.0
140 silly packumentCache full:https://registry.npmjs.org/mdast-util-to-hast cache-miss
141 http fetch GET 200 https://registry.npmjs.org/hast-util-whitespace 29ms (cache miss)
142 silly packumentCache full:https://registry.npmjs.org/hast-util-whitespace set size:undefined disposed:false
143 http fetch GET 200 https://registry.npmjs.org/mdast-util-mdx-expression 30ms (cache miss)
144 silly packumentCache full:https://registry.npmjs.org/mdast-util-mdx-expression set size:undefined disposed:false
145 http fetch GET 200 https://registry.npmjs.org/estree-util-build-jsx 29ms (cache miss)
146 silly packumentCache full:https://registry.npmjs.org/estree-util-build-jsx set size:undefined disposed:false
147 http fetch GET 200 https://registry.npmjs.org/style-to-js 32ms (cache miss)
148 silly packumentCache full:https://registry.npmjs.org/style-to-js set size:undefined disposed:false
149 http fetch GET 200 https://registry.npmjs.org/mdast-util-mdx 30ms (cache miss)
150 silly packumentCache full:https://registry.npmjs.org/mdast-util-mdx set size:undefined disposed:false
151 http fetch GET 200 https://registry.npmjs.org/mdast-util-mdx-jsx 33ms (cache miss)
152 silly packumentCache full:https://registry.npmjs.org/mdast-util-mdx-jsx set size:undefined disposed:false
153 http fetch GET 200 https://registry.npmjs.org/mdast-util-to-hast 38ms (cache miss)
154 silly packumentCache full:https://registry.npmjs.org/mdast-util-to-hast set size:undefined disposed:false
155 http fetch GET 200 https://registry.npmjs.org/recma-parse 110ms (cache miss)
156 silly packumentCache full:https://registry.npmjs.org/recma-parse set size:undefined disposed:false
157 http fetch GET 200 https://registry.npmjs.org/unist-util-position 121ms (cache miss)
158 silly packumentCache full:https://registry.npmjs.org/unist-util-position set size:undefined disposed:false
159 http fetch GET 200 https://registry.npmjs.org/mdast-util-mdxjs-esm 124ms (cache miss)
160 silly packumentCache full:https://registry.npmjs.org/mdast-util-mdxjs-esm set size:undefined disposed:false
161 http fetch GET 200 https://registry.npmjs.org/hast-util-to-estree 123ms (cache miss)
162 silly packumentCache full:https://registry.npmjs.org/hast-util-to-estree set size:undefined disposed:false
163 http fetch GET 200 https://registry.npmjs.org/estree-util-to-js 126ms (cache miss)
164 silly packumentCache full:https://registry.npmjs.org/estree-util-to-js set size:undefined disposed:false
165 http fetch GET 200 https://registry.npmjs.org/estree-util-to-js 128ms (cache miss)
166 silly packumentCache full:https://registry.npmjs.org/estree-util-to-js set size:undefined disposed:false
167 http fetch GET 200 https://registry.npmjs.org/micromark-extension-mdxjs 128ms (cache miss)
168 silly packumentCache full:https://registry.npmjs.org/micromark-extension-mdxjs set size:undefined disposed:false
169 silly placeDep ROOT hast-util-whitespace@3.0.0 OK for: hast-util-to-jsx-runtime@2.3.6 want: ^3.0.0
170 silly placeDep ROOT mdast-util-mdx-expression@2.0.1 OK for: hast-util-to-jsx-runtime@2.3.6 want: ^2.0.0
171 silly placeDep ROOT mdast-util-mdx-jsx@3.2.0 OK for: hast-util-to-jsx-runtime@2.3.6 want: ^3.0.0
172 silly placeDep ROOT mdast-util-mdxjs-esm@2.0.1 OK for: hast-util-to-jsx-runtime@2.3.6 want: ^2.0.0
173 silly placeDep ROOT style-to-js@1.1.21 OK for: hast-util-to-jsx-runtime@2.3.6 want: ^1.0.0
174 silly placeDep ROOT unist-util-position@5.0.0 OK for: hast-util-to-jsx-runtime@2.3.6 want: ^5.0.0
175 silly fetch manifest ccount@^2.0.0
176 silly packumentCache full:https://registry.npmjs.org/ccount cache-miss
177 silly fetch manifest parse-entities@^4.0.0
178 silly packumentCache full:https://registry.npmjs.org/parse-entities cache-miss
179 silly fetch manifest stringify-entities@^4.0.0
180 silly packumentCache full:https://registry.npmjs.org/stringify-entities cache-miss
181 silly fetch manifest style-to-object@1.0.14
182 silly packumentCache full:https://registry.npmjs.org/style-to-object cache-miss
183 http fetch GET 200 https://registry.npmjs.org/style-to-object 30ms (cache miss)
184 silly packumentCache full:https://registry.npmjs.org/style-to-object set size:undefined disposed:false
185 http fetch GET 200 https://registry.npmjs.org/ccount 117ms (cache miss)
186 silly packumentCache full:https://registry.npmjs.org/ccount set size:undefined disposed:false
187 http fetch GET 200 https://registry.npmjs.org/parse-entities 121ms (cache miss)
188 silly packumentCache full:https://registry.npmjs.org/parse-entities set size:undefined disposed:false
189 http fetch GET 200 https://registry.npmjs.org/stringify-entities 121ms (cache miss)
190 silly packumentCache full:https://registry.npmjs.org/stringify-entities set size:undefined disposed:false
191 silly placeDep ROOT ccount@2.0.1 OK for: mdast-util-mdx-jsx@3.2.0 want: ^2.0.0
192 silly placeDep ROOT parse-entities@4.0.2 OK for: mdast-util-mdx-jsx@3.2.0 want: ^4.0.0
193 silly placeDep ROOT stringify-entities@4.0.4 OK for: mdast-util-mdx-jsx@3.2.0 want: ^4.0.0
194 silly fetch manifest @types/unist@^2.0.0
195 silly packumentCache full:https://registry.npmjs.org/@types%2funist cache-miss
196 silly fetch manifest character-entities-legacy@^3.0.0
197 silly packumentCache full:https://registry.npmjs.org/character-entities-legacy cache-miss
198 silly fetch manifest character-reference-invalid@^2.0.0
199 silly packumentCache full:https://registry.npmjs.org/character-reference-invalid cache-miss
200 silly fetch manifest is-alphanumerical@^2.0.0
201 silly packumentCache full:https://registry.npmjs.org/is-alphanumerical cache-miss
202 silly fetch manifest is-decimal@^2.0.0
203 silly packumentCache full:https://registry.npmjs.org/is-decimal cache-miss
204 silly fetch manifest is-hexadecimal@^2.0.0
205 silly packumentCache full:https://registry.npmjs.org/is-hexadecimal cache-miss
206 silly fetch manifest character-entities-html4@^2.0.0
207 silly packumentCache full:https://registry.npmjs.org/character-entities-html4 cache-miss
208 silly fetch manifest character-entities-legacy@^3.0.0
209 silly packumentCache full:https://registry.npmjs.org/character-entities-legacy cache-miss
210 http cache https://registry.npmjs.org/@types%2funist 4ms (cache hit)
211 silly packumentCache full:https://registry.npmjs.org/@types%2funist set size:39215 disposed:false
212 http fetch GET 200 https://registry.npmjs.org/character-entities-legacy 25ms (cache miss)
213 silly packumentCache full:https://registry.npmjs.org/character-entities-legacy set size:undefined disposed:false
214 http fetch GET 200 https://registry.npmjs.org/character-entities-legacy 28ms (cache miss)
215 silly packumentCache full:https://registry.npmjs.org/character-entities-legacy set size:undefined disposed:false
216 http fetch GET 200 https://registry.npmjs.org/is-decimal 29ms (cache miss)
217 silly packumentCache full:https://registry.npmjs.org/is-decimal set size:undefined disposed:false
218 http fetch GET 200 https://registry.npmjs.org/character-entities-html4 38ms (cache miss)
219 silly packumentCache full:https://registry.npmjs.org/character-entities-html4 set size:undefined disposed:false
220 http fetch GET 200 https://registry.npmjs.org/is-alphanumerical 111ms (cache miss)
221 silly packumentCache full:https://registry.npmjs.org/is-alphanumerical set size:undefined disposed:false
222 http fetch GET 200 https://registry.npmjs.org/is-hexadecimal 118ms (cache miss)
223 silly packumentCache full:https://registry.npmjs.org/is-hexadecimal set size:undefined disposed:false
224 http fetch GET 200 https://registry.npmjs.org/character-reference-invalid 131ms (cache miss)
225 silly packumentCache full:https://registry.npmjs.org/character-reference-invalid set size:undefined disposed:false
226 silly placeDep node_modules/parse-entities @types/unist@2.0.11 OK for: parse-entities@4.0.2 want: ^2.0.0
227 silly placeDep ROOT character-entities-legacy@3.0.0 OK for: parse-entities@4.0.2 want: ^3.0.0
228 silly placeDep ROOT character-reference-invalid@2.0.1 OK for: parse-entities@4.0.2 want: ^2.0.0
229 silly placeDep ROOT is-alphanumerical@2.0.1 OK for: parse-entities@4.0.2 want: ^2.0.0
230 silly placeDep ROOT is-decimal@2.0.1 OK for: parse-entities@4.0.2 want: ^2.0.0
231 silly placeDep ROOT is-hexadecimal@2.0.1 OK for: parse-entities@4.0.2 want: ^2.0.0
232 silly fetch manifest is-alphabetical@^2.0.0
233 silly packumentCache full:https://registry.npmjs.org/is-alphabetical cache-miss
234 http fetch GET 200 https://registry.npmjs.org/is-alphabetical 32ms (cache miss)
235 silly packumentCache full:https://registry.npmjs.org/is-alphabetical set size:undefined disposed:false
236 silly placeDep ROOT is-alphabetical@2.0.1 OK for: is-alphanumerical@2.0.1 want: ^2.0.0
237 silly placeDep ROOT estree-util-build-jsx@3.0.1 OK for: recma-build-jsx@1.0.0 want: ^3.0.0
238 silly placeDep ROOT estree-util-to-js@2.0.0 OK for: recma-jsx@1.0.1 want: ^2.0.0
239 silly placeDep ROOT recma-parse@1.0.0 OK for: recma-jsx@1.0.1 want: ^1.0.0
240 silly fetch manifest astring@^1.8.0
241 silly packumentCache full:https://registry.npmjs.org/astring cache-miss
242 silly fetch manifest esast-util-from-js@^2.0.0
243 silly packumentCache full:https://registry.npmjs.org/esast-util-from-js cache-miss
244 http fetch GET 200 https://registry.npmjs.org/astring 34ms (cache miss)
245 silly packumentCache full:https://registry.npmjs.org/astring set size:undefined disposed:false
246 http fetch GET 200 https://registry.npmjs.org/esast-util-from-js 119ms (cache miss)
247 silly packumentCache full:https://registry.npmjs.org/esast-util-from-js set size:undefined disposed:false
248 silly placeDep ROOT astring@1.9.0 OK for: estree-util-to-js@2.0.0 want: ^1.8.0
249 silly placeDep ROOT esast-util-from-js@2.0.1 OK for: recma-parse@1.0.0 want: ^2.0.0
250 silly fetch manifest esast-util-from-estree@^2.0.0
251 silly packumentCache full:https://registry.npmjs.org/esast-util-from-estree cache-miss
252 http fetch GET 200 https://registry.npmjs.org/esast-util-from-estree 117ms (cache miss)
253 silly packumentCache full:https://registry.npmjs.org/esast-util-from-estree set size:undefined disposed:false
254 silly placeDep ROOT esast-util-from-estree@2.0.0 OK for: esast-util-from-js@2.0.1 want: ^2.0.0
255 silly fetch manifest estree-util-visit@^2.0.0
256 silly packumentCache full:https://registry.npmjs.org/estree-util-visit cache-miss
257 http fetch GET 200 https://registry.npmjs.org/estree-util-visit 25ms (cache miss)
258 silly packumentCache full:https://registry.npmjs.org/estree-util-visit set size:undefined disposed:false
259 silly placeDep ROOT estree-util-visit@2.0.0 OK for: esast-util-from-estree@2.0.0 want: ^2.0.0
260 silly placeDep ROOT hast-util-to-estree@3.1.3 OK for: rehype-recma@1.0.0 want: ^3.0.0
261 silly fetch manifest estree-util-attach-comments@^3.0.0
262 silly packumentCache full:https://registry.npmjs.org/estree-util-attach-comments cache-miss
263 http fetch GET 200 https://registry.npmjs.org/estree-util-attach-comments 124ms (cache miss)
264 silly packumentCache full:https://registry.npmjs.org/estree-util-attach-comments set size:undefined disposed:false
265 silly placeDep ROOT estree-util-attach-comments@3.0.0 OK for: hast-util-to-estree@3.1.3 want: ^3.0.0
266 silly placeDep ROOT mdast-util-mdx@3.0.0 OK for: remark-mdx@3.1.1 want: ^3.0.0
267 silly placeDep ROOT micromark-extension-mdxjs@3.0.0 OK for: remark-mdx@3.1.1 want: ^3.0.0
268 silly fetch manifest micromark-extension-mdx-expression@^3.0.0
269 silly packumentCache full:https://registry.npmjs.org/micromark-extension-mdx-expression cache-miss
270 silly fetch manifest micromark-extension-mdx-jsx@^3.0.0
271 silly packumentCache full:https://registry.npmjs.org/micromark-extension-mdx-jsx cache-miss
272 silly fetch manifest micromark-extension-mdx-md@^2.0.0
273 silly packumentCache full:https://registry.npmjs.org/micromark-extension-mdx-md cache-miss
274 silly fetch manifest micromark-extension-mdxjs-esm@^3.0.0
275 silly packumentCache full:https://registry.npmjs.org/micromark-extension-mdxjs-esm cache-miss
276 http fetch GET 200 https://registry.npmjs.org/micromark-extension-mdx-expression 24ms (cache miss)
277 silly packumentCache full:https://registry.npmjs.org/micromark-extension-mdx-expression set size:undefined disposed:false
278 http fetch GET 200 https://registry.npmjs.org/micromark-extension-mdx-md 28ms (cache miss)
279 silly packumentCache full:https://registry.npmjs.org/micromark-extension-mdx-md set size:undefined disposed:false
280 http fetch GET 200 https://registry.npmjs.org/micromark-extension-mdx-jsx 105ms (cache miss)
281 silly packumentCache full:https://registry.npmjs.org/micromark-extension-mdx-jsx set size:undefined disposed:false
282 http fetch GET 200 https://registry.npmjs.org/micromark-extension-mdxjs-esm 119ms (cache miss)
283 silly packumentCache full:https://registry.npmjs.org/micromark-extension-mdxjs-esm set size:undefined disposed:false
284 silly placeDep ROOT micromark-extension-mdx-expression@3.0.1 OK for: micromark-extension-mdxjs@3.0.0 want: ^3.0.0
285 silly placeDep ROOT micromark-extension-mdx-jsx@3.0.2 OK for: micromark-extension-mdxjs@3.0.0 want: ^3.0.0
286 silly placeDep ROOT micromark-extension-mdx-md@2.0.0 OK for: micromark-extension-mdxjs@3.0.0 want: ^2.0.0
287 silly placeDep ROOT micromark-extension-mdxjs-esm@3.0.0 OK for: micromark-extension-mdxjs@3.0.0 want: ^3.0.0
288 silly fetch manifest micromark-factory-mdx-expression@^2.0.0
289 silly packumentCache full:https://registry.npmjs.org/micromark-factory-mdx-expression cache-miss
290 silly fetch manifest micromark-util-events-to-acorn@^2.0.0
291 silly packumentCache full:https://registry.npmjs.org/micromark-util-events-to-acorn cache-miss
292 silly fetch manifest micromark-factory-mdx-expression@^2.0.0
293 silly packumentCache full:https://registry.npmjs.org/micromark-factory-mdx-expression cache-miss
294 silly fetch manifest micromark-util-events-to-acorn@^2.0.0
295 silly packumentCache full:https://registry.npmjs.org/micromark-util-events-to-acorn cache-miss
296 silly fetch manifest micromark-util-events-to-acorn@^2.0.0
297 silly packumentCache full:https://registry.npmjs.org/micromark-util-events-to-acorn cache-miss
298 http fetch GET 200 https://registry.npmjs.org/micromark-factory-mdx-expression 42ms (cache miss)
299 silly packumentCache full:https://registry.npmjs.org/micromark-factory-mdx-expression set size:undefined disposed:false
300 http fetch GET 200 https://registry.npmjs.org/micromark-factory-mdx-expression 43ms (cache miss)
301 silly packumentCache full:https://registry.npmjs.org/micromark-factory-mdx-expression set size:undefined disposed:false
302 http fetch GET 200 https://registry.npmjs.org/micromark-util-events-to-acorn 133ms (cache miss)
303 silly packumentCache full:https://registry.npmjs.org/micromark-util-events-to-acorn set size:undefined disposed:false
304 http fetch GET 200 https://registry.npmjs.org/micromark-util-events-to-acorn 133ms (cache miss)
305 silly packumentCache full:https://registry.npmjs.org/micromark-util-events-to-acorn set size:undefined disposed:false
306 http fetch GET 200 https://registry.npmjs.org/micromark-util-events-to-acorn 138ms (cache miss)
307 silly packumentCache full:https://registry.npmjs.org/micromark-util-events-to-acorn set size:undefined disposed:false
308 silly placeDep ROOT micromark-factory-mdx-expression@2.0.3 OK for: micromark-extension-mdx-expression@3.0.1 want: ^2.0.0
309 silly placeDep ROOT micromark-util-events-to-acorn@2.0.3 OK for: micromark-extension-mdx-expression@3.0.1 want: ^2.0.0
310 silly placeDep ROOT mdast-util-to-hast@13.2.1 OK for: remark-rehype@11.1.2 want: ^13.0.0
311 silly fetch manifest trim-lines@^3.0.0
312 silly packumentCache full:https://registry.npmjs.org/trim-lines cache-miss
313 http fetch GET 200 https://registry.npmjs.org/trim-lines 118ms (cache miss)
314 silly packumentCache full:https://registry.npmjs.org/trim-lines set size:undefined disposed:false
315 silly placeDep ROOT trim-lines@3.0.1 OK for: mdast-util-to-hast@13.2.1 want: ^3.0.0
316 silly placeDep ROOT character-entities-html4@2.1.0 OK for: stringify-entities@4.0.4 want: ^2.0.0
317 silly placeDep ROOT style-to-object@1.0.14 OK for: style-to-js@1.1.21 want: 1.0.14
318 silly fetch manifest inline-style-parser@0.2.7
319 silly packumentCache full:https://registry.npmjs.org/inline-style-parser cache-miss
320 http fetch GET 200 https://registry.npmjs.org/inline-style-parser 111ms (cache miss)
321 silly packumentCache full:https://registry.npmjs.org/inline-style-parser set size:undefined disposed:false
322 silly placeDep ROOT inline-style-parser@0.2.7 OK for: style-to-object@1.0.14 want: 0.2.7
323 silly reify moves {}
324 silly audit bulk request {
324 silly audit   '@alloc/quick-lru': [ '5.2.0' ],
324 silly audit   '@emnapi/core': [ '1.10.0' ],
324 silly audit   '@emnapi/runtime': [ '1.10.0' ],
324 silly audit   '@emnapi/wasi-threads': [ '1.2.1' ],
324 silly audit   '@eslint-community/eslint-utils': [ '4.9.1' ],
324 silly audit   '@eslint-community/regexpp': [ '4.12.2' ],
324 silly audit   '@eslint/eslintrc': [ '2.1.4' ],
324 silly audit   '@eslint/js': [ '8.57.1' ],
324 silly audit   '@humanwhocodes/config-array': [ '0.13.0' ],
324 silly audit   '@humanwhocodes/module-importer': [ '1.0.1' ],
324 silly audit   '@humanwhocodes/object-schema': [ '2.0.3' ],
324 silly audit   '@isaacs/cliui': [ '8.0.2' ],
324 silly audit   'ansi-regex': [ '6.2.2', '5.0.1' ],
324 silly audit   'strip-ansi': [ '7.2.0', '6.0.1' ],
324 silly audit   '@jridgewell/gen-mapping': [ '0.3.13' ],
324 silly audit   '@jridgewell/resolve-uri': [ '3.1.2' ],
324 silly audit   '@jridgewell/sourcemap-codec': [ '1.5.5' ],
324 silly audit   '@jridgewell/trace-mapping': [ '0.3.31' ],
324 silly audit   '@mdx-js/react': [ '3.1.1' ],
324 silly audit   '@napi-rs/wasm-runtime': [ '0.2.12' ],
324 silly audit   '@next/env': [ '14.2.35' ],
324 silly audit   '@next/eslint-plugin-next': [ '14.2.35' ],
324 silly audit   '@next/mdx': [ '14.2.35' ],
324 silly audit   '@next/swc-darwin-arm64': [ '14.2.33' ],
324 silly audit   '@next/swc-darwin-x64': [ '14.2.33' ],
324 silly audit   '@next/swc-linux-arm64-gnu': [ '14.2.33' ],
324 silly audit   '@next/swc-linux-arm64-musl': [ '14.2.33' ],
324 silly audit   '@next/swc-linux-x64-gnu': [ '14.2.33' ],
324 silly audit   '@next/swc-linux-x64-musl': [ '14.2.33' ],
324 silly audit   '@next/swc-win32-arm64-msvc': [ '14.2.33' ],
324 silly audit   '@next/swc-win32-ia32-msvc': [ '14.2.33' ],
324 silly audit   '@next/swc-win32-x64-msvc': [ '14.2.33' ],
324 silly audit   '@nodelib/fs.scandir': [ '2.1.5' ],
324 silly audit   '@nodelib/fs.stat': [ '2.0.5' ],
324 silly audit   '@nodelib/fs.walk': [ '1.2.8' ],
324 silly audit   '@nolyfill/is-core-module': [ '1.0.39' ],
324 silly audit   '@pkgjs/parseargs': [ '0.11.0' ],
324 silly audit   '@rtsao/scc': [ '1.1.0' ],
324 silly audit   '@rushstack/eslint-patch': [ '1.16.1' ],
324 silly audit   '@swc/counter': [ '0.1.3' ],
324 silly audit   '@swc/helpers': [ '0.5.5' ],
324 silly audit   '@tybys/wasm-util': [ '0.10.2' ],
324 silly audit   '@types/debug': [ '4.1.13' ],
324 silly audit   '@types/hast': [ '3.0.4' ],
324 silly audit   '@types/json5': [ '0.0.29' ],
324 silly audit   '@types/katex': [ '0.16.8' ],
324 silly audit   '@types/mdast': [ '4.0.4' ],
324 silly audit   '@types/mdx': [ '2.0.13' ],
324 silly audit   '@types/ms': [ '2.1.0' ],
324 silly audit   '@types/node': [ '20.19.40' ],
324 silly audit   '@types/prop-types': [ '15.7.15' ],
324 silly audit   '@types/react': [ '18.3.28' ],
324 silly audit   '@types/react-dom': [ '18.3.7' ],
324 silly audit   '@types/unist': [ '3.0.3', '2.0.11' ],
324 silly audit   '@typescript-eslint/eslint-plugin': [ '8.59.2' ],
324 silly audit   ignore: [ '7.0.5', '5.3.2' ],
324 silly audit   '@typescript-eslint/parser': [ '8.59.2' ],
324 silly audit   '@typescript-eslint/project-service': [ '8.59.2' ],
324 silly audit   '@typescript-eslint/scope-manager': [ '8.59.2' ],
324 silly audit   '@typescript-eslint/tsconfig-utils': [ '8.59.2' ],
324 silly audit   '@typescript-eslint/type-utils': [ '8.59.2' ],
324 silly audit   '@typescript-eslint/types': [ '8.59.2' ],
324 silly audit   '@typescript-eslint/typescript-estree': [ '8.59.2' ],
324 silly audit   'balanced-match': [ '4.0.4', '1.0.2' ],
324 silly audit   'brace-expansion': [ '5.0.6', '1.1.14', '2.1.0' ],
324 silly audit   minimatch: [ '10.2.5', '9.0.9', '3.1.5' ],
324 silly audit   '@typescript-eslint/utils': [ '8.59.2' ],
324 silly audit   '@typescript-eslint/visitor-keys': [ '8.59.2' ],
324 silly audit   'eslint-visitor-keys': [ '5.0.1', '3.4.3' ],
324 silly audit   '@ungap/structured-clone': [ '1.3.1' ],
324 silly audit   '@unrs/resolver-binding-android-arm-eabi': [ '1.11.1' ],
324 silly audit   '@unrs/resolver-binding-android-arm64': [ '1.11.1' ],
324 silly audit   '@unrs/resolver-binding-darwin-arm64': [ '1.11.1' ],
324 silly audit   '@unrs/resolver-binding-darwin-x64': [ '1.11.1' ],
324 silly audit   '@unrs/resolver-binding-freebsd-x64': [ '1.11.1' ],
324 silly audit   '@unrs/resolver-binding-linux-arm-gnueabihf': [ '1.11.1' ],
324 silly audit   '@unrs/resolver-binding-linux-arm-musleabihf': [ '1.11.1' ],
324 silly audit   '@unrs/resolver-binding-linux-arm64-gnu': [ '1.11.1' ],
324 silly audit   '@unrs/resolver-binding-linux-arm64-musl': [ '1.11.1' ],
324 silly audit   '@unrs/resolver-binding-linux-ppc64-gnu': [ '1.11.1' ],
324 silly audit   '@unrs/resolver-binding-linux-riscv64-gnu': [ '1.11.1' ],
324 silly audit   '@unrs/resolver-binding-linux-riscv64-musl': [ '1.11.1' ],
324 silly audit   '@unrs/resolver-binding-linux-s390x-gnu': [ '1.11.1' ],
324 silly audit   '@unrs/resolver-binding-linux-x64-gnu': [ '1.11.1' ],
324 silly audit   '@unrs/resolver-binding-linux-x64-musl': [ '1.11.1' ],
324 silly audit   '@unrs/resolver-binding-wasm32-wasi': [ '1.11.1' ],
324 silly audit   '@unrs/resolver-binding-win32-arm64-msvc': [ '1.11.1' ],
324 silly audit   '@unrs/resolver-binding-win32-ia32-msvc': [ '1.11.1' ],
324 silly audit   '@unrs/resolver-binding-win32-x64-msvc': [ '1.11.1' ],
324 silly audit   acorn: [ '8.16.0' ],
324 silly audit   'acorn-jsx': [ '5.3.2' ],
324 silly audit   ajv: [ '6.15.0' ],
324 silly audit   'ansi-styles': [ '4.3.0', '6.2.3' ],
324 silly audit   'any-promise': [ '1.3.0' ],
324 silly audit   anymatch: [ '3.1.3' ],
324 silly audit   arg: [ '5.0.2' ],
324 silly audit   argparse: [ '2.0.1' ],
324 silly audit   'aria-query': [ '5.3.2' ],
324 silly audit   'array-buffer-byte-length': [ '1.0.2' ],
324 silly audit   'array-includes': [ '3.1.9' ],
324 silly audit   'array.prototype.findlast': [ '1.2.5' ],
324 silly audit   'array.prototype.findlastindex': [ '1.2.6' ],
324 silly audit   'array.prototype.flat': [ '1.3.3' ],
324 silly audit   'array.prototype.flatmap': [ '1.3.3' ],
324 silly audit   'array.prototype.tosorted': [ '1.1.4' ],
324 silly audit   'arraybuffer.prototype.slice': [ '1.0.4' ],
324 silly audit   'ast-types-flow': [ '0.0.8' ],
324 silly audit   'async-function': [ '1.0.0' ],
324 silly audit   autoprefixer: [ '10.5.0' ],
324 silly audit   'available-typed-arrays': [ '1.0.7' ],
324 silly audit   'axe-core': [ '4.11.4' ],
324 silly audit   'axobject-query': [ '4.1.0' ],
324 silly audit   bail: [ '2.0.2' ],
324 silly audit   'baseline-browser-mapping': [ '2.10.29' ],
324 silly audit   'binary-extensions': [ '2.3.0' ],
324 silly audit   braces: [ '3.0.3' ],
324 silly audit   browserslist: [ '4.28.2' ],
324 silly audit   busboy: [ '1.6.0' ],
324 silly audit   'call-bind': [ '1.0.9' ],
324 silly audit   'call-bind-apply-helpers': [ '1.0.2' ],
324 silly audit   'call-bound': [ '1.0.4' ],
324 silly audit   callsites: [ '3.1.0' ],
324 silly audit   'camelcase-css': [ '2.0.1' ],
324 silly audit   'caniuse-lite': [ '1.0.30001792' ],
324 silly audit   chalk: [ '4.1.2' ],
324 silly audit   'character-entities': [ '2.0.2' ],
324 silly audit   chokidar: [ '3.6.0' ],
324 silly audit   'glob-parent': [ '5.1.2', '6.0.2' ],
324 silly audit   'client-only': [ '0.0.1' ],
324 silly audit   'color-convert': [ '2.0.1' ],
324 silly audit   'color-name': [ '1.1.4' ],
324 silly audit   'comma-separated-tokens': [ '2.0.3' ],
324 silly audit   commander: [ '8.3.0', '4.1.1' ],
324 silly audit   'concat-map': [ '0.0.1' ],
324 silly audit   'cross-spawn': [ '7.0.6' ],
324 silly audit   cssesc: [ '3.0.0' ],
324 silly audit   csstype: [ '3.2.3' ],
324 silly audit   'damerau-levenshtein': [ '1.0.8' ],
324 silly audit   'data-view-buffer': [ '1.0.2' ],
324 silly audit   'data-view-byte-length': [ '1.0.2' ],
324 silly audit   'data-view-byte-offset': [ '1.0.1' ],
324 silly audit   debug: [ '4.4.3', '3.2.7' ],
324 silly audit   'decode-named-character-reference': [ '1.3.0' ],
324 silly audit   'deep-is': [ '0.1.4' ],
324 silly audit   'define-data-property': [ '1.1.4' ],
324 silly audit   'define-properties': [ '1.2.1' ],
324 silly audit   dequal: [ '2.0.3' ],
324 silly audit   devlop: [ '1.1.0' ],
324 silly audit   didyoumean: [ '1.2.2' ],
324 silly audit   dlv: [ '1.1.3' ],
324 silly audit   doctrine: [ '3.0.0', '2.1.0' ],
324 silly audit   'dunder-proto': [ '1.0.1' ],
324 silly audit   eastasianwidth: [ '0.2.0' ],
324 silly audit   'electron-to-chromium': [ '1.5.353' ],
324 silly audit   'emoji-regex': [ '9.2.2', '8.0.0' ],
324 silly audit   entities: [ '6.0.1' ],
324 silly audit   'es-abstract': [ '1.24.2' ],
324 silly audit   'es-define-property': [ '1.0.1' ],
324 silly audit   'es-errors': [ '1.3.0' ],
324 silly audit   'es-iterator-helpers': [ '1.3.2' ],
324 silly audit   'es-object-atoms': [ '1.1.1' ],
324 silly audit   'es-set-tostringtag': [ '2.1.0' ],
324 silly audit   'es-shim-unscopables': [ '1.1.0' ],
324 silly audit   'es-to-primitive': [ '1.3.0' ],
324 silly audit   escalade: [ '3.2.0' ],
324 silly audit   'escape-string-regexp': [ '4.0.0' ],
324 silly audit   eslint: [ '8.57.1' ],
324 silly audit   'eslint-config-next': [ '14.2.35' ],
324 silly audit   'eslint-import-resolver-node': [ '0.3.10' ],
324 silly audit   'eslint-import-resolver-typescript': [ '3.10.1' ],
324 silly audit   'eslint-module-utils': [ '2.12.1' ],
324 silly audit   'eslint-plugin-import': [ '2.32.0' ],
324 silly audit   semver: [ '6.3.1', '7.8.0' ],
324 silly audit   'eslint-plugin-jsx-a11y': [ '6.10.2' ],
324 silly audit   'eslint-plugin-react': [ '7.37.5' ],
324 silly audit   'eslint-plugin-react-hooks': [ '5.0.0-canary-7118f5dd7-20230705' ],
324 silly audit   'eslint-scope': [ '7.2.2' ],
324 silly audit   espree: [ '9.6.1' ],
324 silly audit   esquery: [ '1.7.0' ],
324 silly audit   esrecurse: [ '4.3.0' ],
324 silly audit   estraverse: [ '5.3.0' ],
324 silly audit   esutils: [ '2.0.3' ],
324 silly audit   extend: [ '3.0.2' ],
324 silly audit   'fast-deep-equal': [ '3.1.3' ],
324 silly audit   'fast-glob': [ '3.3.3' ],
324 silly audit   'fast-json-stable-stringify': [ '2.1.0' ],
324 silly audit   'fast-levenshtein': [ '2.0.6' ],
324 silly audit   fastq: [ '1.20.1' ],
324 silly audit   'file-entry-cache': [ '6.0.1' ],
324 silly audit   'fill-range': [ '7.1.1' ],
324 silly audit   'find-up': [ '5.0.0' ],
324 silly audit   'flat-cache': [ '3.2.0' ],
324 silly audit   flatted: [ '3.4.2' ],
324 silly audit   'for-each': [ '0.3.5' ],
324 silly audit   'foreground-child': [ '3.3.1' ],
324 silly audit   'fraction.js': [ '5.3.4' ],
324 silly audit   'fs.realpath': [ '1.0.0' ],
324 silly audit   fsevents: [ '2.3.3' ],
324 silly audit   'function-bind': [ '1.1.2' ],
324 silly audit   'function.prototype.name': [ '1.1.8' ],
324 silly audit   'functions-have-names': [ '1.2.3' ],
324 silly audit   'generator-function': [ '2.0.1' ],
324 silly audit   'get-intrinsic': [ '1.3.0' ],
324 silly audit   'get-proto': [ '1.0.1' ],
324 silly audit   'get-symbol-description': [ '1.1.0' ],
324 silly audit   'get-tsconfig': [ '4.14.0' ],
324 silly audit   glob: [ '10.3.10', '7.2.3' ],
324 silly audit   globals: [ '13.24.0' ],
324 silly audit   globalthis: [ '1.0.4' ],
324 silly audit   gopd: [ '1.2.0' ],
324 silly audit   'graceful-fs': [ '4.2.11' ],
324 silly audit   graphemer: [ '1.4.0' ],
324 silly audit   'has-bigints': [ '1.1.0' ],
324 silly audit   'has-flag': [ '4.0.0' ],
324 silly audit   'has-property-descriptors': [ '1.0.2' ],
324 silly audit   'has-proto': [ '1.2.0' ],
324 silly audit   'has-symbols': [ '1.1.0' ],
324 silly audit   'has-tostringtag': [ '1.0.2' ],
324 silly audit   hasown: [ '2.0.3' ],
324 silly audit   'hast-util-from-dom': [ '5.0.1' ],
324 silly audit   'hast-util-from-html': [ '2.0.3' ],
324 silly audit   'hast-util-from-html-isomorphic': [ '2.0.0' ],
324 silly audit   'hast-util-from-parse5': [ '8.0.3' ],
324 silly audit   'hast-util-is-element': [ '3.0.0' ],
324 silly audit   'hast-util-parse-selector': [ '4.0.0' ],
324 silly audit   'hast-util-to-text': [ '4.0.2' ],
324 silly audit   hastscript: [ '9.0.1' ],
324 silly audit   'highlight.js': [ '11.11.1' ],
324 silly audit   'import-fresh': [ '3.3.1' ],
324 silly audit   imurmurhash: [ '0.1.4' ],
324 silly audit   inflight: [ '1.0.6' ],
324 silly audit   inherits: [ '2.0.4' ],
324 silly audit   'internal-slot': [ '1.1.0' ],
324 silly audit   'is-array-buffer': [ '3.0.5' ],
324 silly audit   'is-async-function': [ '2.1.1' ],
324 silly audit   'is-bigint': [ '1.1.0' ],
324 silly audit   'is-binary-path': [ '2.1.0' ],
324 silly audit   'is-boolean-object': [ '1.2.2' ],
324 silly audit   'is-bun-module': [ '2.0.0' ],
324 silly audit   'is-callable': [ '1.2.7' ],
324 silly audit   'is-core-module': [ '2.16.2' ],
324 silly audit   'is-data-view': [ '1.0.2' ],
324 silly audit   'is-date-object': [ '1.1.0' ],
324 silly audit   'is-extglob': [ '2.1.1' ],
324 silly audit   'is-finalizationregistry': [ '1.1.1' ],
324 silly audit   'is-fullwidth-code-point': [ '3.0.0' ],
324 silly audit   'is-generator-function': [ '1.1.2' ],
324 silly audit   'is-glob': [ '4.0.3' ],
324 silly audit   'is-map': [ '2.0.3' ],
324 silly audit   'is-negative-zero': [ '2.0.3' ],
324 silly audit   'is-number': [ '7.0.0' ],
324 silly audit   'is-number-object': [ '1.1.1' ],
324 silly audit   'is-path-inside': [ '3.0.3' ],
324 silly audit   'is-plain-obj': [ '4.1.0' ],
324 silly audit   'is-regex': [ '1.2.1' ],
324 silly audit   'is-set': [ '2.0.3' ],
324 silly audit   'is-shared-array-buffer': [ '1.0.4' ],
324 silly audit   'is-string': [ '1.1.1' ],
324 silly audit   'is-symbol': [ '1.1.1' ],
324 silly audit   'is-typed-array': [ '1.1.15' ],
324 silly audit   'is-weakmap': [ '2.0.2' ],
324 silly audit   'is-weakref': [ '1.1.1' ],
324 silly audit   'is-weakset': [ '2.0.4' ],
324 silly audit   isarray: [ '2.0.5' ],
324 silly audit   isexe: [ '2.0.0' ],
324 silly audit   'iterator.prototype': [ '1.1.5' ],
324 silly audit   jackspeak: [ '2.3.6' ],
324 silly audit   jiti: [ '1.21.7' ],
324 silly audit   'js-tokens': [ '4.0.0' ],
324 silly audit   'js-yaml': [ '4.1.1' ],
324 silly audit   'json-buffer': [ '3.0.1' ],
324 silly audit   'json-schema-traverse': [ '0.4.1' ],
324 silly audit   'json-stable-stringify-without-jsonify': [ '1.0.1' ],
324 silly audit   json5: [ '1.0.2' ],
324 silly audit   'jsx-ast-utils': [ '3.3.5' ],
324 silly audit   katex: [ '0.16.45' ],
324 silly audit   keyv: [ '4.5.4' ],
324 silly audit   'language-subtag-registry': [ '0.3.23' ],
324 silly audit   'language-tags': [ '1.0.9' ],
324 silly audit   levn: [ '0.4.1' ],
324 silly audit   lilconfig: [ '3.1.3' ],
324 silly audit   'lines-and-columns': [ '1.2.4' ],
324 silly audit   'locate-path': [ '6.0.0' ],
324 silly audit   'lodash.merge': [ '4.6.2' ],
324 silly audit   'longest-streak': [ '3.1.0' ],
324 silly audit   'loose-envify': [ '1.4.0' ],
324 silly audit   lowlight: [ '3.3.0' ],
324 silly audit   'lru-cache': [ '10.4.3' ],
324 silly audit   'math-intrinsics': [ '1.1.0' ],
324 silly audit   'mdast-util-from-markdown': [ '2.0.3' ],
324 silly audit   'mdast-util-math': [ '3.0.0' ],
324 silly audit   'mdast-util-phrasing': [ '4.1.0' ],
324 silly audit   'mdast-util-to-markdown': [ '2.1.2' ],
324 silly audit   'mdast-util-to-string': [ '4.0.0' ],
324 silly audit   merge2: [ '1.4.1' ],
324 silly audit   micromark: [ '4.0.2' ],
324 silly audit   'micromark-core-commonmark': [ '2.0.3' ],
324 silly audit   'micromark-extension-math': [ '3.1.0' ],
324 silly audit   'micromark-factory-destination': [ '2.0.1' ],
324 silly audit   'micromark-factory-label': [ '2.0.1' ],
324 silly audit   'micromark-factory-space': [ '2.0.1' ],
324 silly audit   'micromark-factory-title': [ '2.0.1' ],
324 silly audit   'micromark-factory-whitespace': [ '2.0.1' ],
324 silly audit   'micromark-util-character': [ '2.1.1' ],
324 silly audit   'micromark-util-chunked': [ '2.0.1' ],
324 silly audit   'micromark-util-classify-character': [ '2.0.1' ],
324 silly audit   'micromark-util-combine-extensions': [ '2.0.1' ],
324 silly audit   'micromark-util-decode-numeric-character-reference': [ '2.0.2' ],
324 silly audit   'micromark-util-decode-string': [ '2.0.1' ],
324 silly audit   'micromark-util-encode': [ '2.0.1' ],
324 silly audit   'micromark-util-html-tag-name': [ '2.0.1' ],
324 silly audit   'micromark-util-normalize-identifier': [ '2.0.1' ],
324 silly audit   'micromark-util-resolve-all': [ '2.0.1' ],
324 silly audit   'micromark-util-sanitize-uri': [ '2.0.1' ],
324 silly audit   'micromark-util-subtokenize': [ '2.1.0' ],
324 silly audit   'micromark-util-symbol': [ '2.0.1' ],
324 silly audit   'micromark-util-types': [ '2.0.2' ],
324 silly audit   micromatch: [ '4.0.8' ],
324 silly audit   minimist: [ '1.2.8' ],
324 silly audit   minipass: [ '7.1.3' ],
324 silly audit   ms: [ '2.1.3' ],
324 silly audit   mz: [ '2.7.0' ],
324 silly audit   nanoid: [ '3.3.12' ],
324 silly audit   'napi-postinstall': [ '0.3.4' ],
324 silly audit   'natural-compare': [ '1.4.0' ],
324 silly audit   next: [ '14.2.35' ],
324 silly audit   postcss: [ '8.4.31', '8.5.14' ],
324 silly audit   'node-exports-info': [ '1.6.0' ],
324 silly audit   'node-releases': [ '2.0.38' ],
324 silly audit   'normalize-path': [ '3.0.0' ],
324 silly audit   'object-assign': [ '4.1.1' ],
324 silly audit   'object-hash': [ '3.0.0' ],
324 silly audit   'object-inspect': [ '1.13.4' ],
324 silly audit   'object-keys': [ '1.1.1' ],
324 silly audit   'object.assign': [ '4.1.7' ],
324 silly audit   'object.entries': [ '1.1.9' ],
324 silly audit   'object.fromentries': [ '2.0.8' ],
324 silly audit   'object.groupby': [ '1.0.3' ],
324 silly audit   'object.values': [ '1.2.1' ],
324 silly audit   once: [ '1.4.0' ],
324 silly audit   optionator: [ '0.9.4' ],
324 silly audit   'own-keys': [ '1.0.1' ],
324 silly audit   'p-limit': [ '3.1.0' ],
324 silly audit   'p-locate': [ '5.0.0' ],
324 silly audit   'parent-module': [ '1.0.1' ],
324 silly audit   parse5: [ '7.3.0' ],
324 silly audit   'path-exists': [ '4.0.0' ],
324 silly audit   'path-is-absolute': [ '1.0.1' ],
324 silly audit   'path-key': [ '3.1.1' ],
324 silly audit   'path-parse': [ '1.0.7' ],
324 silly audit   'path-scurry': [ '1.11.1' ],
324 silly audit   picocolors: [ '1.1.1' ],
324 silly audit   picomatch: [ '2.3.2', '4.0.4' ],
324 silly audit   pify: [ '2.3.0' ],
324 silly audit   pirates: [ '4.0.7' ],
324 silly audit   'possible-typed-array-names': [ '1.1.0' ],
324 silly audit   'postcss-import': [ '15.1.0' ],
324 silly audit   resolve: [ '1.22.12', '2.0.0-next.6' ],
324 silly audit   'postcss-js': [ '4.1.0' ],
324 silly audit   'postcss-load-config': [ '6.0.1' ],
324 silly audit   'postcss-nested': [ '6.2.0' ],
324 silly audit   'postcss-selector-parser': [ '6.1.2' ],
324 silly audit   'postcss-value-parser': [ '4.2.0' ],
324 silly audit   'prelude-ls': [ '1.2.1' ],
324 silly audit   'prop-types': [ '15.8.1' ],
324 silly audit   'property-information': [ '7.1.0' ],
324 silly audit   punycode: [ '2.3.1' ],
324 silly audit   'queue-microtask': [ '1.2.3' ],
324 silly audit   react: [ '18.3.1' ],
324 silly audit   'react-dom': [ '18.3.1' ],
324 silly audit   'react-is': [ '16.13.1' ],
324 silly audit   'read-cache': [ '1.0.0' ],
324 silly audit   readdirp: [ '3.6.0' ],
324 silly audit   'reflect.getprototypeof': [ '1.0.10' ],
324 silly audit   'regexp.prototype.flags': [ '1.5.4' ],
324 silly audit   'rehype-highlight': [ '7.0.2' ],
324 silly audit   'rehype-katex': [ '7.0.1' ],
324 silly audit   'remark-math': [ '6.0.0' ],
324 silly audit   'resolve-from': [ '4.0.0' ],
324 silly audit   'resolve-pkg-maps': [ '1.0.0' ],
324 silly audit   reusify: [ '1.1.0' ],
324 silly audit   rimraf: [ '3.0.2' ],
324 silly audit   'run-parallel': [ '1.2.0' ],
324 silly audit   'safe-array-concat': [ '1.1.4' ],
324 silly audit   'safe-push-apply': [ '1.0.0' ],
324 silly audit   'safe-regex-test': [ '1.1.0' ],
324 silly audit   scheduler: [ '0.23.2' ],
324 silly audit   'set-function-length': [ '1.2.2' ],
324 silly audit   'set-function-name': [ '2.0.2' ],
324 silly audit   'set-proto': [ '1.0.0' ],
324 silly audit   'shebang-command': [ '2.0.0' ],
324 silly audit   'shebang-regex': [ '3.0.0' ],
324 silly audit   'side-channel': [ '1.1.0' ],
324 silly audit   'side-channel-list': [ '1.0.1' ],
324 silly audit   'side-channel-map': [ '1.0.1' ],
324 silly audit   'side-channel-weakmap': [ '1.0.2' ],
324 silly audit   'signal-exit': [ '4.1.0' ],
324 silly audit   'source-map': [ '0.7.6' ],
324 silly audit   'source-map-js': [ '1.2.1' ],
324 silly audit   'space-separated-tokens': [ '2.0.2' ],
324 silly audit   'stable-hash': [ '0.0.5' ],
324 silly audit   'stop-iteration-iterator': [ '1.1.0' ],
324 silly audit   streamsearch: [ '1.1.0' ],
324 silly audit   'string-width': [ '5.1.2', '4.2.3' ],
324 silly audit   'string.prototype.includes': [ '2.0.1' ],
324 silly audit   'string.prototype.matchall': [ '4.0.12' ],
324 silly audit   'string.prototype.repeat': [ '1.0.0' ],
324 silly audit   'string.prototype.trim': [ '1.2.10' ],
324 silly audit   'string.prototype.trimend': [ '1.0.9' ],
324 silly audit   'string.prototype.trimstart': [ '1.0.8' ],
324 silly audit   'strip-bom': [ '3.0.0' ],
324 silly audit   'strip-json-comments': [ '3.1.1' ],
324 silly audit   'styled-jsx': [ '5.1.1' ],
324 silly audit   sucrase: [ '3.35.1' ],
324 silly audit   'supports-color': [ '7.2.0' ],
324 silly audit   'supports-preserve-symlinks-flag': [ '1.0.0' ],
324 silly audit   tailwindcss: [ '3.4.19' ],
324 silly audit   'text-table': [ '0.2.0' ],
324 silly audit   thenify: [ '3.3.1' ],
324 silly audit   'thenify-all': [ '1.6.0' ],
324 silly audit   tinyglobby: [ '0.2.16' ],
324 silly audit   fdir: [ '6.5.0' ],
324 silly audit   'to-regex-range': [ '5.0.1' ],
324 silly audit   trough: [ '2.2.0' ],
324 silly audit   'ts-api-utils': [ '2.5.0' ],
324 silly audit   'ts-interface-checker': [ '0.1.13' ],
324 silly audit   'tsconfig-paths': [ '3.15.0' ],
324 silly audit   tslib: [ '2.8.1' ],
324 silly audit   'type-check': [ '0.4.0' ],
324 silly audit   'type-fest': [ '0.20.2' ],
324 silly audit   'typed-array-buffer': [ '1.0.3' ],
324 silly audit   'typed-array-byte-length': [ '1.0.3' ],
324 silly audit   'typed-array-byte-offset': [ '1.0.4' ],
324 silly audit   'typed-array-length': [ '1.0.7' ],
324 silly audit   typescript: [ '5.9.3' ],
324 silly audit   'unbox-primitive': [ '1.1.0' ],
324 silly audit   'undici-types': [ '6.21.0' ],
324 silly audit   unified: [ '11.0.5' ],
324 silly audit   'unist-util-find-after': [ '5.0.0' ],
324 silly audit   'unist-util-is': [ '6.0.1' ],
324 silly audit   'unist-util-remove-position': [ '5.0.0' ],
324 silly audit   'unist-util-stringify-position': [ '4.0.0' ],
324 silly audit   'unist-util-visit': [ '5.1.0' ],
324 silly audit   'unist-util-visit-parents': [ '6.0.2' ],
324 silly audit   'unrs-resolver': [ '1.11.1' ],
324 silly audit   'update-browserslist-db': [ '1.2.3' ],
324 silly audit   'uri-js': [ '4.4.1' ],
324 silly audit   'util-deprecate': [ '1.0.2' ],
324 silly audit   vfile: [ '6.0.3' ],
324 silly audit   'vfile-location': [ '5.0.3' ],
324 silly audit   'vfile-message': [ '4.0.3' ],
324 silly audit   'web-namespaces': [ '2.0.1' ],
324 silly audit   which: [ '2.0.2' ],
324 silly audit   'which-boxed-primitive': [ '1.1.1' ],
324 silly audit   'which-builtin-type': [ '1.2.1' ],
324 silly audit   'which-collection': [ '1.0.2' ],
324 silly audit   'which-typed-array': [ '1.1.20' ],
324 silly audit   'word-wrap': [ '1.2.5' ],
324 silly audit   'wrap-ansi': [ '8.1.0', '7.0.0' ],
324 silly audit   wrappy: [ '1.0.2' ],
324 silly audit   'yocto-queue': [ '0.1.0' ],
324 silly audit   zwitch: [ '2.0.4' ],
324 silly audit   '@mdx-js/loader': [ '3.1.1' ],
324 silly audit   '@mdx-js/mdx': [ '3.1.1' ],
324 silly audit   '@types/estree': [ '1.0.9' ],
324 silly audit   '@types/estree-jsx': [ '1.0.5' ],
324 silly audit   'collapse-white-space': [ '2.1.0' ],
324 silly audit   'estree-util-is-identifier-name': [ '3.0.0' ],
324 silly audit   'estree-util-scope': [ '1.0.0' ],
324 silly audit   'estree-walker': [ '3.0.3' ],
324 silly audit   'hast-util-to-jsx-runtime': [ '2.3.6' ],
324 silly audit   'markdown-extensions': [ '2.0.0' ],
324 silly audit   'recma-build-jsx': [ '1.0.0' ],
324 silly audit   'recma-jsx': [ '1.0.1' ],
324 silly audit   'recma-stringify': [ '1.0.0' ],
324 silly audit   'rehype-recma': [ '1.0.0' ],
324 silly audit   'remark-mdx': [ '3.1.1' ],
324 silly audit   'remark-parse': [ '11.0.0' ],
324 silly audit   'remark-rehype': [ '11.1.2' ],
324 silly audit   'unist-util-position-from-estree': [ '2.0.0' ],
324 silly audit   'hast-util-whitespace': [ '3.0.0' ],
324 silly audit   'mdast-util-mdx-expression': [ '2.0.1' ],
324 silly audit   'mdast-util-mdx-jsx': [ '3.2.0' ],
324 silly audit   'mdast-util-mdxjs-esm': [ '2.0.1' ],
324 silly audit   'style-to-js': [ '1.1.21' ],
324 silly audit   'unist-util-position': [ '5.0.0' ],
324 silly audit   ccount: [ '2.0.1' ],
324 silly audit   'parse-entities': [ '4.0.2' ],
324 silly audit   'stringify-entities': [ '4.0.4' ],
324 silly audit   'character-entities-legacy': [ '3.0.0' ],
324 silly audit   'character-reference-invalid': [ '2.0.1' ],
324 silly audit   'is-alphanumerical': [ '2.0.1' ],
324 silly audit   'is-decimal': [ '2.0.1' ],
324 silly audit   'is-hexadecimal': [ '2.0.1' ],
324 silly audit   'is-alphabetical': [ '2.0.1' ],
324 silly audit   'estree-util-build-jsx': [ '3.0.1' ],
324 silly audit   'estree-util-to-js': [ '2.0.0' ],
324 silly audit   'recma-parse': [ '1.0.0' ],
324 silly audit   astring: [ '1.9.0' ],
324 silly audit   'esast-util-from-js': [ '2.0.1' ],
324 silly audit   'esast-util-from-estree': [ '2.0.0' ],
324 silly audit   'estree-util-visit': [ '2.0.0' ],
324 silly audit   'hast-util-to-estree': [ '3.1.3' ],
324 silly audit   'estree-util-attach-comments': [ '3.0.0' ],
324 silly audit   'mdast-util-mdx': [ '3.0.0' ],
324 silly audit   'micromark-extension-mdxjs': [ '3.0.0' ],
324 silly audit   'micromark-extension-mdx-expression': [ '3.0.1' ],
324 silly audit   'micromark-extension-mdx-jsx': [ '3.0.2' ],
324 silly audit   'micromark-extension-mdx-md': [ '2.0.0' ],
324 silly audit   'micromark-extension-mdxjs-esm': [ '3.0.0' ],
324 silly audit   'micromark-factory-mdx-expression': [ '2.0.3' ],
324 silly audit   'micromark-util-events-to-acorn': [ '2.0.3' ],
324 silly audit   'mdast-util-to-hast': [ '13.2.1' ],
324 silly audit   'trim-lines': [ '3.0.1' ],
324 silly audit   'character-entities-html4': [ '2.1.0' ],
324 silly audit   'style-to-object': [ '1.0.14' ],
324 silly audit   'inline-style-parser': [ '0.2.7' ]
324 silly audit }
325 http cache inline-style-parser@https://registry.npmjs.org/inline-style-parser/-/inline-style-parser-0.2.7.tgz 0ms (cache hit)
326 http cache style-to-object@https://registry.npmjs.org/style-to-object/-/style-to-object-1.0.14.tgz 0ms (cache hit)
327 http cache mdast-util-to-hast@https://registry.npmjs.org/mdast-util-to-hast/-/mdast-util-to-hast-13.2.1.tgz 0ms (cache hit)
328 http cache character-entities-html4@https://registry.npmjs.org/character-entities-html4/-/character-entities-html4-2.1.0.tgz 0ms (cache hit)
329 http cache micromark-factory-mdx-expression@https://registry.npmjs.org/micromark-factory-mdx-expression/-/micromark-factory-mdx-expression-2.0.3.tgz 0ms (cache hit)
330 http cache trim-lines@https://registry.npmjs.org/trim-lines/-/trim-lines-3.0.1.tgz 0ms (cache hit)
331 http cache micromark-util-events-to-acorn@https://registry.npmjs.org/micromark-util-events-to-acorn/-/micromark-util-events-to-acorn-2.0.3.tgz 0ms (cache hit)
332 http cache micromark-extension-mdxjs-esm@https://registry.npmjs.org/micromark-extension-mdxjs-esm/-/micromark-extension-mdxjs-esm-3.0.0.tgz 0ms (cache hit)
333 http cache micromark-extension-mdx-md@https://registry.npmjs.org/micromark-extension-mdx-md/-/micromark-extension-mdx-md-2.0.0.tgz 0ms (cache hit)
334 http cache micromark-extension-mdx-jsx@https://registry.npmjs.org/micromark-extension-mdx-jsx/-/micromark-extension-mdx-jsx-3.0.2.tgz 0ms (cache hit)
335 http cache micromark-extension-mdxjs@https://registry.npmjs.org/micromark-extension-mdxjs/-/micromark-extension-mdxjs-3.0.0.tgz 0ms (cache hit)
336 http cache micromark-extension-mdx-expression@https://registry.npmjs.org/micromark-extension-mdx-expression/-/micromark-extension-mdx-expression-3.0.1.tgz 0ms (cache hit)
337 http cache mdast-util-mdx@https://registry.npmjs.org/mdast-util-mdx/-/mdast-util-mdx-3.0.0.tgz 0ms (cache hit)
338 http cache estree-util-attach-comments@https://registry.npmjs.org/estree-util-attach-comments/-/estree-util-attach-comments-3.0.0.tgz 0ms (cache hit)
339 http cache hast-util-to-estree@https://registry.npmjs.org/hast-util-to-estree/-/hast-util-to-estree-3.1.3.tgz 0ms (cache hit)
340 http cache estree-util-visit@https://registry.npmjs.org/estree-util-visit/-/estree-util-visit-2.0.0.tgz 0ms (cache hit)
341 http cache esast-util-from-estree@https://registry.npmjs.org/esast-util-from-estree/-/esast-util-from-estree-2.0.0.tgz 0ms (cache hit)
342 http cache esast-util-from-js@https://registry.npmjs.org/esast-util-from-js/-/esast-util-from-js-2.0.1.tgz 0ms (cache hit)
343 http cache astring@https://registry.npmjs.org/astring/-/astring-1.9.0.tgz 0ms (cache hit)
344 http cache recma-parse@https://registry.npmjs.org/recma-parse/-/recma-parse-1.0.0.tgz 0ms (cache hit)
345 http cache estree-util-to-js@https://registry.npmjs.org/estree-util-to-js/-/estree-util-to-js-2.0.0.tgz 0ms (cache hit)
346 http cache estree-util-build-jsx@https://registry.npmjs.org/estree-util-build-jsx/-/estree-util-build-jsx-3.0.1.tgz 0ms (cache hit)
347 http cache is-alphabetical@https://registry.npmjs.org/is-alphabetical/-/is-alphabetical-2.0.1.tgz 0ms (cache hit)
348 http cache is-hexadecimal@https://registry.npmjs.org/is-hexadecimal/-/is-hexadecimal-2.0.1.tgz 0ms (cache hit)
349 http cache is-alphanumerical@https://registry.npmjs.org/is-alphanumerical/-/is-alphanumerical-2.0.1.tgz 0ms (cache hit)
350 http cache character-reference-invalid@https://registry.npmjs.org/character-reference-invalid/-/character-reference-invalid-2.0.1.tgz 0ms (cache hit)
351 http cache stringify-entities@https://registry.npmjs.org/stringify-entities/-/stringify-entities-4.0.4.tgz 0ms (cache hit)
352 http cache character-entities-legacy@https://registry.npmjs.org/character-entities-legacy/-/character-entities-legacy-3.0.0.tgz 0ms (cache hit)
353 http cache ccount@https://registry.npmjs.org/ccount/-/ccount-2.0.1.tgz 0ms (cache hit)
354 http cache unist-util-position@https://registry.npmjs.org/unist-util-position/-/unist-util-position-5.0.0.tgz 0ms (cache hit)
355 http cache parse-entities@https://registry.npmjs.org/parse-entities/-/parse-entities-4.0.2.tgz 0ms (cache hit)
356 http cache is-decimal@https://registry.npmjs.org/is-decimal/-/is-decimal-2.0.1.tgz 0ms (cache hit)
357 http cache style-to-js@https://registry.npmjs.org/style-to-js/-/style-to-js-1.1.21.tgz 0ms (cache hit)
358 http cache mdast-util-mdxjs-esm@https://registry.npmjs.org/mdast-util-mdxjs-esm/-/mdast-util-mdxjs-esm-2.0.1.tgz 0ms (cache hit)
359 http cache mdast-util-mdx-jsx@https://registry.npmjs.org/mdast-util-mdx-jsx/-/mdast-util-mdx-jsx-3.2.0.tgz 0ms (cache hit)
360 http cache mdast-util-mdx-expression@https://registry.npmjs.org/mdast-util-mdx-expression/-/mdast-util-mdx-expression-2.0.1.tgz 0ms (cache hit)
361 http cache remark-rehype@https://registry.npmjs.org/remark-rehype/-/remark-rehype-11.1.2.tgz 0ms (cache hit)
362 http cache remark-parse@https://registry.npmjs.org/remark-parse/-/remark-parse-11.0.0.tgz 0ms (cache hit)
363 http cache remark-mdx@https://registry.npmjs.org/remark-mdx/-/remark-mdx-3.1.1.tgz 0ms (cache hit)
364 http cache recma-stringify@https://registry.npmjs.org/recma-stringify/-/recma-stringify-1.0.0.tgz 0ms (cache hit)
365 http cache rehype-recma@https://registry.npmjs.org/rehype-recma/-/rehype-recma-1.0.0.tgz 0ms (cache hit)
366 http cache unist-util-position-from-estree@https://registry.npmjs.org/unist-util-position-from-estree/-/unist-util-position-from-estree-2.0.0.tgz 0ms (cache hit)
367 http cache hast-util-whitespace@https://registry.npmjs.org/hast-util-whitespace/-/hast-util-whitespace-3.0.0.tgz 0ms (cache hit)
368 http cache recma-build-jsx@https://registry.npmjs.org/recma-build-jsx/-/recma-build-jsx-1.0.0.tgz 0ms (cache hit)
369 http cache hast-util-to-jsx-runtime@https://registry.npmjs.org/hast-util-to-jsx-runtime/-/hast-util-to-jsx-runtime-2.3.6.tgz 0ms (cache hit)
370 http cache markdown-extensions@https://registry.npmjs.org/markdown-extensions/-/markdown-extensions-2.0.0.tgz 0ms (cache hit)
371 http cache estree-walker@https://registry.npmjs.org/estree-walker/-/estree-walker-3.0.3.tgz 0ms (cache hit)
372 http cache recma-jsx@https://registry.npmjs.org/recma-jsx/-/recma-jsx-1.0.1.tgz 0ms (cache hit)
373 http cache estree-util-scope@https://registry.npmjs.org/estree-util-scope/-/estree-util-scope-1.0.0.tgz 0ms (cache hit)
374 http cache collapse-white-space@https://registry.npmjs.org/collapse-white-space/-/collapse-white-space-2.1.0.tgz 0ms (cache hit)
375 http cache @types/estree-jsx@https://registry.npmjs.org/@types/estree-jsx/-/estree-jsx-1.0.5.tgz 0ms (cache hit)
376 http cache @types/estree@https://registry.npmjs.org/@types/estree/-/estree-1.0.9.tgz 0ms (cache hit)
377 http cache @mdx-js/mdx@https://registry.npmjs.org/@mdx-js/mdx/-/mdx-3.1.1.tgz 0ms (cache hit)
378 http cache @types/unist@https://registry.npmjs.org/@types/unist/-/unist-2.0.11.tgz 0ms (cache hit)
379 http cache estree-util-is-identifier-name@https://registry.npmjs.org/estree-util-is-identifier-name/-/estree-util-is-identifier-name-3.0.0.tgz 0ms (cache hit)
380 http cache @mdx-js/loader@https://registry.npmjs.org/@mdx-js/loader/-/loader-3.1.1.tgz 0ms (cache hit)
381 silly tarball no local data for inline-style-parser@https://registry.npmjs.org/inline-style-parser/-/inline-style-parser-0.2.7.tgz. Extracting by manifest.
382 http cache fsevents@https://registry.npmjs.org/fsevents/-/fsevents-2.3.3.tgz 0ms (cache hit)
383 silly tarball no local data for style-to-object@https://registry.npmjs.org/style-to-object/-/style-to-object-1.0.14.tgz. Extracting by manifest.
384 silly tarball no local data for mdast-util-to-hast@https://registry.npmjs.org/mdast-util-to-hast/-/mdast-util-to-hast-13.2.1.tgz. Extracting by manifest.
385 silly tarball no local data for character-entities-html4@https://registry.npmjs.org/character-entities-html4/-/character-entities-html4-2.1.0.tgz. Extracting by manifest.
386 silly tarball no local data for micromark-factory-mdx-expression@https://registry.npmjs.org/micromark-factory-mdx-expression/-/micromark-factory-mdx-expression-2.0.3.tgz. Extracting by manifest.
387 silly tarball no local data for trim-lines@https://registry.npmjs.org/trim-lines/-/trim-lines-3.0.1.tgz. Extracting by manifest.
388 silly tarball no local data for micromark-util-events-to-acorn@https://registry.npmjs.org/micromark-util-events-to-acorn/-/micromark-util-events-to-acorn-2.0.3.tgz. Extracting by manifest.
389 silly tarball no local data for micromark-extension-mdxjs-esm@https://registry.npmjs.org/micromark-extension-mdxjs-esm/-/micromark-extension-mdxjs-esm-3.0.0.tgz. Extracting by manifest.
390 silly tarball no local data for micromark-extension-mdx-md@https://registry.npmjs.org/micromark-extension-mdx-md/-/micromark-extension-mdx-md-2.0.0.tgz. Extracting by manifest.
391 silly tarball no local data for micromark-extension-mdx-jsx@https://registry.npmjs.org/micromark-extension-mdx-jsx/-/micromark-extension-mdx-jsx-3.0.2.tgz. Extracting by manifest.
392 silly tarball no local data for micromark-extension-mdxjs@https://registry.npmjs.org/micromark-extension-mdxjs/-/micromark-extension-mdxjs-3.0.0.tgz. Extracting by manifest.
393 silly tarball no local data for micromark-extension-mdx-expression@https://registry.npmjs.org/micromark-extension-mdx-expression/-/micromark-extension-mdx-expression-3.0.1.tgz. Extracting by manifest.
394 silly tarball no local data for mdast-util-mdx@https://registry.npmjs.org/mdast-util-mdx/-/mdast-util-mdx-3.0.0.tgz. Extracting by manifest.
395 silly tarball no local data for estree-util-attach-comments@https://registry.npmjs.org/estree-util-attach-comments/-/estree-util-attach-comments-3.0.0.tgz. Extracting by manifest.
396 silly tarball no local data for hast-util-to-estree@https://registry.npmjs.org/hast-util-to-estree/-/hast-util-to-estree-3.1.3.tgz. Extracting by manifest.
397 silly tarball no local data for estree-util-visit@https://registry.npmjs.org/estree-util-visit/-/estree-util-visit-2.0.0.tgz. Extracting by manifest.
398 silly tarball no local data for esast-util-from-estree@https://registry.npmjs.org/esast-util-from-estree/-/esast-util-from-estree-2.0.0.tgz. Extracting by manifest.
399 silly tarball no local data for esast-util-from-js@https://registry.npmjs.org/esast-util-from-js/-/esast-util-from-js-2.0.1.tgz. Extracting by manifest.
400 silly tarball no local data for astring@https://registry.npmjs.org/astring/-/astring-1.9.0.tgz. Extracting by manifest.
401 silly tarball no local data for recma-parse@https://registry.npmjs.org/recma-parse/-/recma-parse-1.0.0.tgz. Extracting by manifest.
402 silly tarball no local data for estree-util-to-js@https://registry.npmjs.org/estree-util-to-js/-/estree-util-to-js-2.0.0.tgz. Extracting by manifest.
403 silly tarball no local data for estree-util-build-jsx@https://registry.npmjs.org/estree-util-build-jsx/-/estree-util-build-jsx-3.0.1.tgz. Extracting by manifest.
404 silly tarball no local data for is-alphabetical@https://registry.npmjs.org/is-alphabetical/-/is-alphabetical-2.0.1.tgz. Extracting by manifest.
405 silly tarball no local data for is-hexadecimal@https://registry.npmjs.org/is-hexadecimal/-/is-hexadecimal-2.0.1.tgz. Extracting by manifest.
406 silly tarball no local data for is-alphanumerical@https://registry.npmjs.org/is-alphanumerical/-/is-alphanumerical-2.0.1.tgz. Extracting by manifest.
407 silly tarball no local data for character-reference-invalid@https://registry.npmjs.org/character-reference-invalid/-/character-reference-invalid-2.0.1.tgz. Extracting by manifest.
408 silly tarball no local data for stringify-entities@https://registry.npmjs.org/stringify-entities/-/stringify-entities-4.0.4.tgz. Extracting by manifest.
409 silly tarball no local data for character-entities-legacy@https://registry.npmjs.org/character-entities-legacy/-/character-entities-legacy-3.0.0.tgz. Extracting by manifest.
410 silly tarball no local data for ccount@https://registry.npmjs.org/ccount/-/ccount-2.0.1.tgz. Extracting by manifest.
411 silly tarball no local data for unist-util-position@https://registry.npmjs.org/unist-util-position/-/unist-util-position-5.0.0.tgz. Extracting by manifest.
412 silly tarball no local data for parse-entities@https://registry.npmjs.org/parse-entities/-/parse-entities-4.0.2.tgz. Extracting by manifest.
413 silly tarball no local data for is-decimal@https://registry.npmjs.org/is-decimal/-/is-decimal-2.0.1.tgz. Extracting by manifest.
414 silly tarball no local data for style-to-js@https://registry.npmjs.org/style-to-js/-/style-to-js-1.1.21.tgz. Extracting by manifest.
415 silly tarball no local data for mdast-util-mdxjs-esm@https://registry.npmjs.org/mdast-util-mdxjs-esm/-/mdast-util-mdxjs-esm-2.0.1.tgz. Extracting by manifest.
416 silly tarball no local data for mdast-util-mdx-jsx@https://registry.npmjs.org/mdast-util-mdx-jsx/-/mdast-util-mdx-jsx-3.2.0.tgz. Extracting by manifest.
417 silly tarball no local data for mdast-util-mdx-expression@https://registry.npmjs.org/mdast-util-mdx-expression/-/mdast-util-mdx-expression-2.0.1.tgz. Extracting by manifest.
418 silly tarball no local data for remark-rehype@https://registry.npmjs.org/remark-rehype/-/remark-rehype-11.1.2.tgz. Extracting by manifest.
419 silly tarball no local data for remark-parse@https://registry.npmjs.org/remark-parse/-/remark-parse-11.0.0.tgz. Extracting by manifest.
420 silly tarball no local data for remark-mdx@https://registry.npmjs.org/remark-mdx/-/remark-mdx-3.1.1.tgz. Extracting by manifest.
421 silly tarball no local data for recma-stringify@https://registry.npmjs.org/recma-stringify/-/recma-stringify-1.0.0.tgz. Extracting by manifest.
422 silly tarball no local data for rehype-recma@https://registry.npmjs.org/rehype-recma/-/rehype-recma-1.0.0.tgz. Extracting by manifest.
423 silly tarball no local data for unist-util-position-from-estree@https://registry.npmjs.org/unist-util-position-from-estree/-/unist-util-position-from-estree-2.0.0.tgz. Extracting by manifest.
424 silly tarball no local data for hast-util-whitespace@https://registry.npmjs.org/hast-util-whitespace/-/hast-util-whitespace-3.0.0.tgz. Extracting by manifest.
425 silly tarball no local data for recma-build-jsx@https://registry.npmjs.org/recma-build-jsx/-/recma-build-jsx-1.0.0.tgz. Extracting by manifest.
426 silly tarball no local data for hast-util-to-jsx-runtime@https://registry.npmjs.org/hast-util-to-jsx-runtime/-/hast-util-to-jsx-runtime-2.3.6.tgz. Extracting by manifest.
427 silly tarball no local data for markdown-extensions@https://registry.npmjs.org/markdown-extensions/-/markdown-extensions-2.0.0.tgz. Extracting by manifest.
428 silly tarball no local data for estree-walker@https://registry.npmjs.org/estree-walker/-/estree-walker-3.0.3.tgz. Extracting by manifest.
429 silly tarball no local data for recma-jsx@https://registry.npmjs.org/recma-jsx/-/recma-jsx-1.0.1.tgz. Extracting by manifest.
430 silly tarball no local data for estree-util-scope@https://registry.npmjs.org/estree-util-scope/-/estree-util-scope-1.0.0.tgz. Extracting by manifest.
431 silly tarball no local data for collapse-white-space@https://registry.npmjs.org/collapse-white-space/-/collapse-white-space-2.1.0.tgz. Extracting by manifest.
432 silly tarball no local data for @types/estree-jsx@https://registry.npmjs.org/@types/estree-jsx/-/estree-jsx-1.0.5.tgz. Extracting by manifest.
433 silly tarball no local data for @types/estree@https://registry.npmjs.org/@types/estree/-/estree-1.0.9.tgz. Extracting by manifest.
434 silly tarball no local data for @mdx-js/mdx@https://registry.npmjs.org/@mdx-js/mdx/-/mdx-3.1.1.tgz. Extracting by manifest.
435 silly tarball no local data for @types/unist@https://registry.npmjs.org/@types/unist/-/unist-2.0.11.tgz. Extracting by manifest.
436 silly tarball no local data for estree-util-is-identifier-name@https://registry.npmjs.org/estree-util-is-identifier-name/-/estree-util-is-identifier-name-3.0.0.tgz. Extracting by manifest.
437 silly tarball no local data for @mdx-js/loader@https://registry.npmjs.org/@mdx-js/loader/-/loader-3.1.1.tgz. Extracting by manifest.
438 http fetch GET 200 https://registry.npmjs.org/character-entities-html4/-/character-entities-html4-2.1.0.tgz 41ms (cache miss)
439 http fetch GET 200 https://registry.npmjs.org/trim-lines/-/trim-lines-3.0.1.tgz 40ms (cache miss)
440 http fetch GET 200 https://registry.npmjs.org/inline-style-parser/-/inline-style-parser-0.2.7.tgz 42ms (cache miss)
441 http fetch GET 200 https://registry.npmjs.org/micromark-extension-mdxjs/-/micromark-extension-mdxjs-3.0.0.tgz 42ms (cache miss)
442 http fetch GET 200 https://registry.npmjs.org/micromark-extension-mdx-md/-/micromark-extension-mdx-md-2.0.0.tgz 42ms (cache miss)
443 http fetch GET 200 https://registry.npmjs.org/estree-util-attach-comments/-/estree-util-attach-comments-3.0.0.tgz 42ms (cache miss)
444 http fetch GET 200 https://registry.npmjs.org/micromark-factory-mdx-expression/-/micromark-factory-mdx-expression-2.0.3.tgz 43ms (cache miss)
445 http fetch GET 200 https://registry.npmjs.org/micromark-extension-mdxjs-esm/-/micromark-extension-mdxjs-esm-3.0.0.tgz 44ms (cache miss)
446 http fetch GET 200 https://registry.npmjs.org/mdast-util-mdx/-/mdast-util-mdx-3.0.0.tgz 43ms (cache miss)
447 http fetch GET 200 https://registry.npmjs.org/micromark-extension-mdx-expression/-/micromark-extension-mdx-expression-3.0.1.tgz 46ms (cache miss)
448 http fetch GET 200 https://registry.npmjs.org/style-to-object/-/style-to-object-1.0.14.tgz 48ms (cache miss)
449 http fetch GET 200 https://registry.npmjs.org/micromark-util-events-to-acorn/-/micromark-util-events-to-acorn-2.0.3.tgz 48ms (cache miss)
450 http fetch GET 200 https://registry.npmjs.org/estree-util-visit/-/estree-util-visit-2.0.0.tgz 54ms (cache miss)
451 http fetch GET 200 https://registry.npmjs.org/esast-util-from-js/-/esast-util-from-js-2.0.1.tgz 54ms (cache miss)
452 http fetch GET 200 https://registry.npmjs.org/estree-util-to-js/-/estree-util-to-js-2.0.0.tgz 54ms (cache miss)
453 http fetch GET 200 https://registry.npmjs.org/recma-parse/-/recma-parse-1.0.0.tgz 57ms (cache miss)
454 http fetch GET 200 https://registry.npmjs.org/micromark-extension-mdx-jsx/-/micromark-extension-mdx-jsx-3.0.2.tgz 59ms (cache miss)
455 http fetch GET 200 https://registry.npmjs.org/esast-util-from-estree/-/esast-util-from-estree-2.0.0.tgz 59ms (cache miss)
456 http fetch GET 200 https://registry.npmjs.org/is-alphanumerical/-/is-alphanumerical-2.0.1.tgz 58ms (cache miss)
457 http fetch GET 200 https://registry.npmjs.org/estree-util-build-jsx/-/estree-util-build-jsx-3.0.1.tgz 59ms (cache miss)
458 http fetch GET 200 https://registry.npmjs.org/astring/-/astring-1.9.0.tgz 61ms (cache miss)
459 http fetch GET 200 https://registry.npmjs.org/is-hexadecimal/-/is-hexadecimal-2.0.1.tgz 61ms (cache miss)
460 http fetch GET 200 https://registry.npmjs.org/is-alphabetical/-/is-alphabetical-2.0.1.tgz 61ms (cache miss)
461 http fetch GET 200 https://registry.npmjs.org/hast-util-to-estree/-/hast-util-to-estree-3.1.3.tgz 63ms (cache miss)
462 http fetch GET 200 https://registry.npmjs.org/character-entities-legacy/-/character-entities-legacy-3.0.0.tgz 67ms (cache miss)
463 http fetch GET 200 https://registry.npmjs.org/ccount/-/ccount-2.0.1.tgz 67ms (cache miss)
464 http fetch GET 200 https://registry.npmjs.org/mdast-util-mdxjs-esm/-/mdast-util-mdxjs-esm-2.0.1.tgz 72ms (cache miss)
465 http fetch GET 200 https://registry.npmjs.org/unist-util-position/-/unist-util-position-5.0.0.tgz 72ms (cache miss)
466 http fetch GET 200 https://registry.npmjs.org/stringify-entities/-/stringify-entities-4.0.4.tgz 74ms (cache miss)
467 http fetch GET 200 https://registry.npmjs.org/is-decimal/-/is-decimal-2.0.1.tgz 73ms (cache miss)
468 http fetch GET 200 https://registry.npmjs.org/character-reference-invalid/-/character-reference-invalid-2.0.1.tgz 74ms (cache miss)
469 http fetch GET 200 https://registry.npmjs.org/parse-entities/-/parse-entities-4.0.2.tgz 73ms (cache miss)
470 http fetch GET 200 https://registry.npmjs.org/mdast-util-mdx-jsx/-/mdast-util-mdx-jsx-3.2.0.tgz 76ms (cache miss)
471 http fetch GET 200 https://registry.npmjs.org/mdast-util-mdx-expression/-/mdast-util-mdx-expression-2.0.1.tgz 78ms (cache miss)
472 http fetch GET 200 https://registry.npmjs.org/style-to-js/-/style-to-js-1.1.21.tgz 78ms (cache miss)
473 http fetch GET 200 https://registry.npmjs.org/remark-rehype/-/remark-rehype-11.1.2.tgz 78ms (cache miss)
474 http fetch GET 200 https://registry.npmjs.org/mdast-util-to-hast/-/mdast-util-to-hast-13.2.1.tgz 82ms (cache miss)
475 http fetch GET 200 https://registry.npmjs.org/remark-mdx/-/remark-mdx-3.1.1.tgz 82ms (cache miss)
476 http fetch GET 200 https://registry.npmjs.org/remark-parse/-/remark-parse-11.0.0.tgz 83ms (cache miss)
477 http fetch GET 200 https://registry.npmjs.org/unist-util-position-from-estree/-/unist-util-position-from-estree-2.0.0.tgz 85ms (cache miss)
478 http fetch GET 200 https://registry.npmjs.org/markdown-extensions/-/markdown-extensions-2.0.0.tgz 92ms (cache miss)
479 http fetch GET 200 https://registry.npmjs.org/recma-build-jsx/-/recma-build-jsx-1.0.0.tgz 93ms (cache miss)
480 http fetch GET 200 https://registry.npmjs.org/hast-util-whitespace/-/hast-util-whitespace-3.0.0.tgz 93ms (cache miss)
481 http fetch GET 200 https://registry.npmjs.org/hast-util-to-jsx-runtime/-/hast-util-to-jsx-runtime-2.3.6.tgz 95ms (cache miss)
482 http fetch GET 200 https://registry.npmjs.org/rehype-recma/-/rehype-recma-1.0.0.tgz 95ms (cache miss)
483 http fetch GET 200 https://registry.npmjs.org/recma-stringify/-/recma-stringify-1.0.0.tgz 95ms (cache miss)
484 http fetch GET 200 https://registry.npmjs.org/estree-util-scope/-/estree-util-scope-1.0.0.tgz 94ms (cache miss)
485 http fetch GET 200 https://registry.npmjs.org/estree-walker/-/estree-walker-3.0.3.tgz 95ms (cache miss)
486 http fetch POST 200 https://registry.npmjs.org/-/npm/v1/security/advisories/bulk 114ms
487 silly audit report {
487 silly audit report   glob: [
487 silly audit report     {
487 silly audit report       id: 1109842,
487 silly audit report       url: 'https://github.com/advisories/GHSA-5j98-mcp5-4vw2',
487 silly audit report       title: 'glob CLI: Command injection via -c/--cmd executes matches with shell:true',
487 silly audit report       severity: 'high',
487 silly audit report       vulnerable_versions: '>=10.2.0 <10.5.0',
487 silly audit report       cwe: [Array],
487 silly audit report       cvss: [Object]
487 silly audit report     }
487 silly audit report   ],
487 silly audit report   next: [
487 silly audit report     {
487 silly audit report       id: 1112593,
487 silly audit report       url: 'https://github.com/advisories/GHSA-9g9p-9gw9-jx7f',
487 silly audit report       title: 'Next.js self-hosted applications vulnerable to DoS via Image Optimizer remotePatterns configuration',
487 silly audit report       severity: 'moderate',
487 silly audit report       vulnerable_versions: '>=10.0.0 <15.5.10',
487 silly audit report       cwe: [Array],
487 silly audit report       cvss: [Object]
487 silly audit report     },
487 silly audit report     {
487 silly audit report       id: 1112653,
487 silly audit report       url: 'https://github.com/advisories/GHSA-h25m-26qc-wcjf',
487 silly audit report       title: 'Next.js HTTP request deserialization can lead to DoS when using insecure React Server Components',
487 silly audit report       severity: 'high',
487 silly audit report       vulnerable_versions: '>=13.0.0 <15.0.8',
487 silly audit report       cwe: [Array],
487 silly audit report       cvss: [Object]
487 silly audit report     },
487 silly audit report     {
487 silly audit report       id: 1114897,
487 silly audit report       url: 'https://github.com/advisories/GHSA-ggv3-7p47-pfv8',
487 silly audit report       title: 'Next.js: HTTP request smuggling in rewrites',
487 silly audit report       severity: 'moderate',
487 silly audit report       vulnerable_versions: '>=9.5.0 <15.5.13',
487 silly audit report       cwe: [Array],
487 silly audit report       cvss: [Object]
487 silly audit report     },
487 silly audit report     {
487 silly audit report       id: 1114940,
487 silly audit report       url: 'https://github.com/advisories/GHSA-3x4c-7xq6-9pq8',
487 silly audit report       title: 'Next.js: Unbounded next/image disk cache growth can exhaust storage',
487 silly audit report       severity: 'moderate',
487 silly audit report       vulnerable_versions: '>=10.0.0 <15.5.14',
487 silly audit report       cwe: [Array],
487 silly audit report       cvss: [Object]
487 silly audit report     },
487 silly audit report     {
487 silly audit report       id: 1116376,
487 silly audit report       url: 'https://github.com/advisories/GHSA-q4gf-8mx6-v5v3',
487 silly audit report       title: 'Next.js has a Denial of Service with Server Components',
487 silly audit report       severity: 'high',
487 silly audit report       vulnerable_versions: '>=13.0.0 <15.5.15',
487 silly audit report       cwe: [Array],
487 silly audit report       cvss: [Object]
487 silly audit report     }
487 silly audit report   ],
487 silly audit report   postcss: [
487 silly audit report     {
487 silly audit report       id: 1117015,
487 silly audit report       url: 'https://github.com/advisories/GHSA-qx2v-qp2m-jg93',
487 silly audit report       title: 'PostCSS has XSS via Unescaped </style> in its CSS Stringify Output',
487 silly audit report       severity: 'moderate',
487 silly audit report       vulnerable_versions: '<8.5.10',
487 silly audit report       cwe: [Array],
487 silly audit report       cvss: [Object]
487 silly audit report     }
487 silly audit report   ]
487 silly audit report }
488 silly packumentCache corgi:https://registry.npmjs.org/glob cache-miss
489 silly packumentCache corgi:https://registry.npmjs.org/next cache-miss
490 silly packumentCache corgi:https://registry.npmjs.org/postcss cache-miss
491 http fetch GET 200 https://registry.npmjs.org/recma-jsx/-/recma-jsx-1.0.1.tgz 103ms (cache miss)
492 http cache https://registry.npmjs.org/glob 4ms (cache hit)
493 silly packumentCache corgi:https://registry.npmjs.org/glob set size:199194 disposed:false
494 http cache https://registry.npmjs.org/postcss 5ms (cache hit)
495 silly packumentCache corgi:https://registry.npmjs.org/postcss set size:343873 disposed:false
496 http cache https://registry.npmjs.org/next 20ms (cache hit)
497 silly packumentCache corgi:https://registry.npmjs.org/next set size:24945663 disposed:false
498 silly packumentCache corgi:https://registry.npmjs.org/@next%2feslint-plugin-next cache-miss
499 http fetch GET 200 https://registry.npmjs.org/collapse-white-space/-/collapse-white-space-2.1.0.tgz 304ms (cache miss)
500 http fetch GET 200 https://registry.npmjs.org/@types/estree-jsx/-/estree-jsx-1.0.5.tgz 305ms (cache miss)
501 http fetch GET 200 https://registry.npmjs.org/estree-util-is-identifier-name/-/estree-util-is-identifier-name-3.0.0.tgz 305ms (cache miss)
502 http fetch GET 200 https://registry.npmjs.org/@types/unist/-/unist-2.0.11.tgz 306ms (cache miss)
503 http fetch GET 200 https://registry.npmjs.org/@mdx-js/loader/-/loader-3.1.1.tgz 305ms (cache miss)
504 http fetch GET 200 https://registry.npmjs.org/@types/estree/-/estree-1.0.9.tgz 306ms (cache miss)
505 http cache https://registry.npmjs.org/@next%2feslint-plugin-next 8ms (cache hit)
506 silly packumentCache corgi:https://registry.npmjs.org/@next%2feslint-plugin-next set size:3217334 disposed:false
507 silly packumentCache corgi:https://registry.npmjs.org/eslint-config-next cache-miss
508 http cache https://registry.npmjs.org/eslint-config-next 4ms (cache hit)
509 silly packumentCache corgi:https://registry.npmjs.org/eslint-config-next set size:3874819 disposed:false
510 http fetch GET 200 https://registry.npmjs.org/@mdx-js/mdx/-/mdx-3.1.1.tgz 408ms (cache miss)
511 silly ADD node_modules/inline-style-parser
512 silly ADD node_modules/style-to-object
513 silly ADD node_modules/character-entities-html4
514 silly ADD node_modules/trim-lines
515 silly ADD node_modules/mdast-util-to-hast
516 silly ADD node_modules/micromark-util-events-to-acorn
517 silly ADD node_modules/micromark-factory-mdx-expression
518 silly ADD node_modules/micromark-extension-mdxjs-esm
519 silly ADD node_modules/micromark-extension-mdx-md
520 silly ADD node_modules/micromark-extension-mdx-jsx
521 silly ADD node_modules/micromark-extension-mdx-expression
522 silly ADD node_modules/micromark-extension-mdxjs
523 silly ADD node_modules/mdast-util-mdx
524 silly ADD node_modules/estree-util-attach-comments
525 silly ADD node_modules/hast-util-to-estree
526 silly ADD node_modules/estree-util-visit
527 silly ADD node_modules/esast-util-from-estree
528 silly ADD node_modules/esast-util-from-js
529 silly ADD node_modules/astring
530 silly ADD node_modules/recma-parse
531 silly ADD node_modules/estree-util-to-js
532 silly ADD node_modules/estree-util-build-jsx
533 silly ADD node_modules/is-alphabetical
534 silly ADD node_modules/is-hexadecimal
535 silly ADD node_modules/is-decimal
536 silly ADD node_modules/is-alphanumerical
537 silly ADD node_modules/character-reference-invalid
538 silly ADD node_modules/character-entities-legacy
539 silly ADD node_modules/stringify-entities
540 silly ADD node_modules/parse-entities
541 silly ADD node_modules/parse-entities/node_modules/@types/unist
542 silly ADD node_modules/ccount
543 silly ADD node_modules/unist-util-position
544 silly ADD node_modules/style-to-js
545 silly ADD node_modules/mdast-util-mdxjs-esm
546 silly ADD node_modules/mdast-util-mdx-jsx
547 silly ADD node_modules/mdast-util-mdx-expression
548 silly ADD node_modules/hast-util-whitespace
549 silly ADD node_modules/unist-util-position-from-estree
550 silly ADD node_modules/remark-rehype
551 silly ADD node_modules/remark-parse
552 silly ADD node_modules/remark-mdx
553 silly ADD node_modules/rehype-recma
554 silly ADD node_modules/recma-stringify
555 silly ADD node_modules/recma-jsx
556 silly ADD node_modules/recma-build-jsx
557 silly ADD node_modules/markdown-extensions
558 silly ADD node_modules/hast-util-to-jsx-runtime
559 silly ADD node_modules/estree-walker
560 silly ADD node_modules/estree-util-scope
561 silly ADD node_modules/estree-util-is-identifier-name
562 silly ADD node_modules/collapse-white-space
563 silly ADD node_modules/@types/estree-jsx
564 silly ADD node_modules/@types/estree
565 silly ADD node_modules/@mdx-js/mdx
566 silly ADD node_modules/@mdx-js/loader
567 silly ADD node_modules/fsevents
568 verbose cwd /Users/miguelfribeiro/Documents/SecLayer
569 verbose os Darwin 25.4.0
570 verbose node v22.17.0
571 verbose npm  v11.8.0
572 verbose exit 0
573 info ok
