0 verbose cli /usr/local/bin/node /usr/local/bin/npm
1 info using npm@11.8.0
2 info using node@v22.17.0
3 silly config load:file:/usr/local/lib/node_modules/npm/npmrc
4 silly config load:file:/Users/miguelfribeiro/Documents/SecLayer/.npmrc
5 silly config load:file:/Users/miguelfribeiro/.npmrc
6 silly config load:file:/Users/miguelfribeiro/.npm-global/etc/npmrc
7 verbose title npm install next-mdx-remote
8 verbose argv "install" "--cache" "./.npm-cache" "next-mdx-remote"
9 verbose logfile logs-max:10 dir:/Users/miguelfribeiro/Documents/SecLayer/.npm-cache/_logs/2026-05-10T21_42_03_440Z-
10 verbose logfile /Users/miguelfribeiro/Documents/SecLayer/.npm-cache/_logs/2026-05-10T21_42_03_440Z-debug-0.log
11 silly logfile done cleaning log files
12 silly packumentCache heap:4345298944 maxSize:1086324736 maxEntrySize:543162368
13 silly idealTree buildDeps
14 silly fetch manifest next-mdx-remote@*
15 silly packumentCache full:https://registry.npmjs.org/next-mdx-remote cache-miss
16 http fetch GET 200 https://registry.npmjs.org/next-mdx-remote 227ms (cache miss)
17 silly packumentCache full:https://registry.npmjs.org/next-mdx-remote set size:undefined disposed:false
18 silly fetch manifest react@^18.3.1
19 silly packumentCache full:https://registry.npmjs.org/react cache-miss
20 http fetch GET 200 https://registry.npmjs.org/react 31ms (cache revalidated)
21 silly packumentCache full:https://registry.npmjs.org/react set size:6650647 disposed:false
22 silly placeDep ROOT next-mdx-remote@6.0.0 OK for: seclayers@0.1.0 want: *
23 silly fetch manifest @babel/code-frame@^7.23.5
24 silly packumentCache full:https://registry.npmjs.org/@babel%2fcode-frame cache-miss
25 silly fetch manifest unist-util-remove@^4.0.0
26 silly packumentCache full:https://registry.npmjs.org/unist-util-remove cache-miss
27 silly fetch manifest vfile-matter@^5.0.0
28 silly packumentCache full:https://registry.npmjs.org/vfile-matter cache-miss
29 http fetch GET 200 https://registry.npmjs.org/vfile-matter 130ms (cache miss)
30 silly packumentCache full:https://registry.npmjs.org/vfile-matter set size:undefined disposed:false
31 http fetch GET 200 https://registry.npmjs.org/@babel%2fcode-frame 132ms (cache miss)
32 silly packumentCache full:https://registry.npmjs.org/@babel%2fcode-frame set size:undefined disposed:false
33 http fetch GET 200 https://registry.npmjs.org/unist-util-remove 155ms (cache miss)
34 silly packumentCache full:https://registry.npmjs.org/unist-util-remove set size:undefined disposed:false
35 silly placeDep ROOT @babel/code-frame@7.29.0 OK for: next-mdx-remote@6.0.0 want: ^7.23.5
36 silly placeDep ROOT unist-util-remove@4.0.0 OK for: next-mdx-remote@6.0.0 want: ^4.0.0
37 silly placeDep ROOT vfile-matter@5.0.1 OK for: next-mdx-remote@6.0.0 want: ^5.0.0
38 silly fetch manifest @babel/helper-validator-identifier@^7.28.5
39 silly packumentCache full:https://registry.npmjs.org/@babel%2fhelper-validator-identifier cache-miss
40 silly fetch manifest yaml@^2.0.0
41 silly packumentCache full:https://registry.npmjs.org/yaml cache-miss
42 http cache https://registry.npmjs.org/yaml 2ms (cache hit)
43 silly packumentCache full:https://registry.npmjs.org/yaml set size:375527 disposed:false
44 http fetch GET 200 https://registry.npmjs.org/@babel%2fhelper-validator-identifier 122ms (cache miss)
45 silly packumentCache full:https://registry.npmjs.org/@babel%2fhelper-validator-identifier set size:undefined disposed:false
46 silly placeDep ROOT @babel/helper-validator-identifier@7.28.5 OK for: @babel/code-frame@7.29.0 want: ^7.28.5
47 silly placeDep ROOT yaml@2.8.4 OK for: vfile-matter@5.0.1 want: ^2.0.0
48 silly reify moves {}
49 silly audit bulk request {
49 silly audit   '@alloc/quick-lru': [ '5.2.0' ],
49 silly audit   '@emnapi/core': [ '1.10.0' ],
49 silly audit   '@emnapi/runtime': [ '1.10.0' ],
49 silly audit   '@emnapi/wasi-threads': [ '1.2.1' ],
49 silly audit   '@eslint-community/eslint-utils': [ '4.9.1' ],
49 silly audit   '@eslint-community/regexpp': [ '4.12.2' ],
49 silly audit   '@eslint/eslintrc': [ '2.1.4' ],
49 silly audit   '@eslint/js': [ '8.57.1' ],
49 silly audit   '@humanwhocodes/config-array': [ '0.13.0' ],
49 silly audit   '@humanwhocodes/module-importer': [ '1.0.1' ],
49 silly audit   '@humanwhocodes/object-schema': [ '2.0.3' ],
49 silly audit   '@isaacs/cliui': [ '8.0.2' ],
49 silly audit   'ansi-regex': [ '6.2.2', '5.0.1' ],
49 silly audit   'strip-ansi': [ '7.2.0', '6.0.1' ],
49 silly audit   '@jridgewell/gen-mapping': [ '0.3.13' ],
49 silly audit   '@jridgewell/resolve-uri': [ '3.1.2' ],
49 silly audit   '@jridgewell/sourcemap-codec': [ '1.5.5' ],
49 silly audit   '@jridgewell/trace-mapping': [ '0.3.31' ],
49 silly audit   '@mdx-js/loader': [ '3.1.1' ],
49 silly audit   '@mdx-js/mdx': [ '3.1.1' ],
49 silly audit   '@mdx-js/react': [ '3.1.1' ],
49 silly audit   '@napi-rs/wasm-runtime': [ '0.2.12' ],
49 silly audit   '@next/env': [ '14.2.35' ],
49 silly audit   '@next/eslint-plugin-next': [ '14.2.35' ],
49 silly audit   '@next/mdx': [ '14.2.35' ],
49 silly audit   '@next/swc-darwin-arm64': [ '14.2.33' ],
49 silly audit   '@next/swc-darwin-x64': [ '14.2.33' ],
49 silly audit   '@next/swc-linux-arm64-gnu': [ '14.2.33' ],
49 silly audit   '@next/swc-linux-arm64-musl': [ '14.2.33' ],
49 silly audit   '@next/swc-linux-x64-gnu': [ '14.2.33' ],
49 silly audit   '@next/swc-linux-x64-musl': [ '14.2.33' ],
49 silly audit   '@next/swc-win32-arm64-msvc': [ '14.2.33' ],
49 silly audit   '@next/swc-win32-ia32-msvc': [ '14.2.33' ],
49 silly audit   '@next/swc-win32-x64-msvc': [ '14.2.33' ],
49 silly audit   '@nodelib/fs.scandir': [ '2.1.5' ],
49 silly audit   '@nodelib/fs.stat': [ '2.0.5' ],
49 silly audit   '@nodelib/fs.walk': [ '1.2.8' ],
49 silly audit   '@nolyfill/is-core-module': [ '1.0.39' ],
49 silly audit   '@pkgjs/parseargs': [ '0.11.0' ],
49 silly audit   '@rtsao/scc': [ '1.1.0' ],
49 silly audit   '@rushstack/eslint-patch': [ '1.16.1' ],
49 silly audit   '@swc/counter': [ '0.1.3' ],
49 silly audit   '@swc/helpers': [ '0.5.5' ],
49 silly audit   '@tybys/wasm-util': [ '0.10.2' ],
49 silly audit   '@types/debug': [ '4.1.13' ],
49 silly audit   '@types/estree': [ '1.0.9' ],
49 silly audit   '@types/estree-jsx': [ '1.0.5' ],
49 silly audit   '@types/hast': [ '3.0.4' ],
49 silly audit   '@types/json5': [ '0.0.29' ],
49 silly audit   '@types/katex': [ '0.16.8' ],
49 silly audit   '@types/mdast': [ '4.0.4' ],
49 silly audit   '@types/mdx': [ '2.0.13' ],
49 silly audit   '@types/ms': [ '2.1.0' ],
49 silly audit   '@types/node': [ '20.19.40' ],
49 silly audit   '@types/prop-types': [ '15.7.15' ],
49 silly audit   '@types/react': [ '18.3.28' ],
49 silly audit   '@types/react-dom': [ '18.3.7' ],
49 silly audit   '@types/unist': [ '3.0.3', '2.0.11' ],
49 silly audit   '@typescript-eslint/eslint-plugin': [ '8.59.2' ],
49 silly audit   ignore: [ '7.0.5', '5.3.2' ],
49 silly audit   '@typescript-eslint/parser': [ '8.59.2' ],
49 silly audit   '@typescript-eslint/project-service': [ '8.59.2' ],
49 silly audit   '@typescript-eslint/scope-manager': [ '8.59.2' ],
49 silly audit   '@typescript-eslint/tsconfig-utils': [ '8.59.2' ],
49 silly audit   '@typescript-eslint/type-utils': [ '8.59.2' ],
49 silly audit   '@typescript-eslint/types': [ '8.59.2' ],
49 silly audit   '@typescript-eslint/typescript-estree': [ '8.59.2' ],
49 silly audit   'balanced-match': [ '4.0.4', '1.0.2' ],
49 silly audit   'brace-expansion': [ '5.0.6', '1.1.14', '2.1.0' ],
49 silly audit   minimatch: [ '10.2.5', '9.0.9', '3.1.5' ],
49 silly audit   '@typescript-eslint/utils': [ '8.59.2' ],
49 silly audit   '@typescript-eslint/visitor-keys': [ '8.59.2' ],
49 silly audit   'eslint-visitor-keys': [ '5.0.1', '3.4.3' ],
49 silly audit   '@ungap/structured-clone': [ '1.3.1' ],
49 silly audit   '@unrs/resolver-binding-android-arm-eabi': [ '1.11.1' ],
49 silly audit   '@unrs/resolver-binding-android-arm64': [ '1.11.1' ],
49 silly audit   '@unrs/resolver-binding-darwin-arm64': [ '1.11.1' ],
49 silly audit   '@unrs/resolver-binding-darwin-x64': [ '1.11.1' ],
49 silly audit   '@unrs/resolver-binding-freebsd-x64': [ '1.11.1' ],
49 silly audit   '@unrs/resolver-binding-linux-arm-gnueabihf': [ '1.11.1' ],
49 silly audit   '@unrs/resolver-binding-linux-arm-musleabihf': [ '1.11.1' ],
49 silly audit   '@unrs/resolver-binding-linux-arm64-gnu': [ '1.11.1' ],
49 silly audit   '@unrs/resolver-binding-linux-arm64-musl': [ '1.11.1' ],
49 silly audit   '@unrs/resolver-binding-linux-ppc64-gnu': [ '1.11.1' ],
49 silly audit   '@unrs/resolver-binding-linux-riscv64-gnu': [ '1.11.1' ],
49 silly audit   '@unrs/resolver-binding-linux-riscv64-musl': [ '1.11.1' ],
49 silly audit   '@unrs/resolver-binding-linux-s390x-gnu': [ '1.11.1' ],
49 silly audit   '@unrs/resolver-binding-linux-x64-gnu': [ '1.11.1' ],
49 silly audit   '@unrs/resolver-binding-linux-x64-musl': [ '1.11.1' ],
49 silly audit   '@unrs/resolver-binding-wasm32-wasi': [ '1.11.1' ],
49 silly audit   '@unrs/resolver-binding-win32-arm64-msvc': [ '1.11.1' ],
49 silly audit   '@unrs/resolver-binding-win32-ia32-msvc': [ '1.11.1' ],
49 silly audit   '@unrs/resolver-binding-win32-x64-msvc': [ '1.11.1' ],
49 silly audit   acorn: [ '8.16.0' ],
49 silly audit   'acorn-jsx': [ '5.3.2' ],
49 silly audit   ajv: [ '6.15.0' ],
49 silly audit   'ansi-styles': [ '4.3.0', '6.2.3' ],
49 silly audit   'any-promise': [ '1.3.0' ],
49 silly audit   anymatch: [ '3.1.3' ],
49 silly audit   arg: [ '5.0.2' ],
49 silly audit   argparse: [ '2.0.1' ],
49 silly audit   'aria-query': [ '5.3.2' ],
49 silly audit   'array-buffer-byte-length': [ '1.0.2' ],
49 silly audit   'array-includes': [ '3.1.9' ],
49 silly audit   'array.prototype.findlast': [ '1.2.5' ],
49 silly audit   'array.prototype.findlastindex': [ '1.2.6' ],
49 silly audit   'array.prototype.flat': [ '1.3.3' ],
49 silly audit   'array.prototype.flatmap': [ '1.3.3' ],
49 silly audit   'array.prototype.tosorted': [ '1.1.4' ],
49 silly audit   'arraybuffer.prototype.slice': [ '1.0.4' ],
49 silly audit   'ast-types-flow': [ '0.0.8' ],
49 silly audit   astring: [ '1.9.0' ],
49 silly audit   'async-function': [ '1.0.0' ],
49 silly audit   autoprefixer: [ '10.5.0' ],
49 silly audit   'available-typed-arrays': [ '1.0.7' ],
49 silly audit   'axe-core': [ '4.11.4' ],
49 silly audit   'axobject-query': [ '4.1.0' ],
49 silly audit   bail: [ '2.0.2' ],
49 silly audit   'baseline-browser-mapping': [ '2.10.29' ],
49 silly audit   'binary-extensions': [ '2.3.0' ],
49 silly audit   braces: [ '3.0.3' ],
49 silly audit   browserslist: [ '4.28.2' ],
49 silly audit   busboy: [ '1.6.0' ],
49 silly audit   'call-bind': [ '1.0.9' ],
49 silly audit   'call-bind-apply-helpers': [ '1.0.2' ],
49 silly audit   'call-bound': [ '1.0.4' ],
49 silly audit   callsites: [ '3.1.0' ],
49 silly audit   'camelcase-css': [ '2.0.1' ],
49 silly audit   'caniuse-lite': [ '1.0.30001792' ],
49 silly audit   ccount: [ '2.0.1' ],
49 silly audit   chalk: [ '4.1.2' ],
49 silly audit   'character-entities': [ '2.0.2' ],
49 silly audit   'character-entities-html4': [ '2.1.0' ],
49 silly audit   'character-entities-legacy': [ '3.0.0' ],
49 silly audit   'character-reference-invalid': [ '2.0.1' ],
49 silly audit   chokidar: [ '3.6.0' ],
49 silly audit   'glob-parent': [ '5.1.2', '6.0.2' ],
49 silly audit   'client-only': [ '0.0.1' ],
49 silly audit   'collapse-white-space': [ '2.1.0' ],
49 silly audit   'color-convert': [ '2.0.1' ],
49 silly audit   'color-name': [ '1.1.4' ],
49 silly audit   'comma-separated-tokens': [ '2.0.3' ],
49 silly audit   commander: [ '8.3.0', '4.1.1' ],
49 silly audit   'concat-map': [ '0.0.1' ],
49 silly audit   'cross-spawn': [ '7.0.6' ],
49 silly audit   cssesc: [ '3.0.0' ],
49 silly audit   csstype: [ '3.2.3' ],
49 silly audit   'damerau-levenshtein': [ '1.0.8' ],
49 silly audit   'data-view-buffer': [ '1.0.2' ],
49 silly audit   'data-view-byte-length': [ '1.0.2' ],
49 silly audit   'data-view-byte-offset': [ '1.0.1' ],
49 silly audit   debug: [ '4.4.3', '3.2.7' ],
49 silly audit   'decode-named-character-reference': [ '1.3.0' ],
49 silly audit   'deep-is': [ '0.1.4' ],
49 silly audit   'define-data-property': [ '1.1.4' ],
49 silly audit   'define-properties': [ '1.2.1' ],
49 silly audit   dequal: [ '2.0.3' ],
49 silly audit   devlop: [ '1.1.0' ],
49 silly audit   didyoumean: [ '1.2.2' ],
49 silly audit   dlv: [ '1.1.3' ],
49 silly audit   doctrine: [ '3.0.0', '2.1.0' ],
49 silly audit   'dunder-proto': [ '1.0.1' ],
49 silly audit   eastasianwidth: [ '0.2.0' ],
49 silly audit   'electron-to-chromium': [ '1.5.353' ],
49 silly audit   'emoji-regex': [ '9.2.2', '8.0.0' ],
49 silly audit   entities: [ '6.0.1' ],
49 silly audit   'es-abstract': [ '1.24.2' ],
49 silly audit   'es-define-property': [ '1.0.1' ],
49 silly audit   'es-errors': [ '1.3.0' ],
49 silly audit   'es-iterator-helpers': [ '1.3.2' ],
49 silly audit   'es-object-atoms': [ '1.1.1' ],
49 silly audit   'es-set-tostringtag': [ '2.1.0' ],
49 silly audit   'es-shim-unscopables': [ '1.1.0' ],
49 silly audit   'es-to-primitive': [ '1.3.0' ],
49 silly audit   'esast-util-from-estree': [ '2.0.0' ],
49 silly audit   'esast-util-from-js': [ '2.0.1' ],
49 silly audit   escalade: [ '3.2.0' ],
49 silly audit   'escape-string-regexp': [ '4.0.0' ],
49 silly audit   eslint: [ '8.57.1' ],
49 silly audit   'eslint-config-next': [ '14.2.35' ],
49 silly audit   'eslint-import-resolver-node': [ '0.3.10' ],
49 silly audit   'eslint-import-resolver-typescript': [ '3.10.1' ],
49 silly audit   'eslint-module-utils': [ '2.12.1' ],
49 silly audit   'eslint-plugin-import': [ '2.32.0' ],
49 silly audit   semver: [ '6.3.1', '7.8.0' ],
49 silly audit   'eslint-plugin-jsx-a11y': [ '6.10.2' ],
49 silly audit   'eslint-plugin-react': [ '7.37.5' ],
49 silly audit   'eslint-plugin-react-hooks': [ '5.0.0-canary-7118f5dd7-20230705' ],
49 silly audit   'eslint-scope': [ '7.2.2' ],
49 silly audit   espree: [ '9.6.1' ],
49 silly audit   esquery: [ '1.7.0' ],
49 silly audit   esrecurse: [ '4.3.0' ],
49 silly audit   estraverse: [ '5.3.0' ],
49 silly audit   'estree-util-attach-comments': [ '3.0.0' ],
49 silly audit   'estree-util-build-jsx': [ '3.0.1' ],
49 silly audit   'estree-util-is-identifier-name': [ '3.0.0' ],
49 silly audit   'estree-util-scope': [ '1.0.0' ],
49 silly audit   'estree-util-to-js': [ '2.0.0' ],
49 silly audit   'estree-util-visit': [ '2.0.0' ],
49 silly audit   'estree-walker': [ '3.0.3' ],
49 silly audit   esutils: [ '2.0.3' ],
49 silly audit   extend: [ '3.0.2' ],
49 silly audit   'fast-deep-equal': [ '3.1.3' ],
49 silly audit   'fast-glob': [ '3.3.3' ],
49 silly audit   'fast-json-stable-stringify': [ '2.1.0' ],
49 silly audit   'fast-levenshtein': [ '2.0.6' ],
49 silly audit   fastq: [ '1.20.1' ],
49 silly audit   'file-entry-cache': [ '6.0.1' ],
49 silly audit   'fill-range': [ '7.1.1' ],
49 silly audit   'find-up': [ '5.0.0' ],
49 silly audit   'flat-cache': [ '3.2.0' ],
49 silly audit   flatted: [ '3.4.2' ],
49 silly audit   'for-each': [ '0.3.5' ],
49 silly audit   'foreground-child': [ '3.3.1' ],
49 silly audit   'fraction.js': [ '5.3.4' ],
49 silly audit   'fs.realpath': [ '1.0.0' ],
49 silly audit   fsevents: [ '2.3.3' ],
49 silly audit   'function-bind': [ '1.1.2' ],
49 silly audit   'function.prototype.name': [ '1.1.8' ],
49 silly audit   'functions-have-names': [ '1.2.3' ],
49 silly audit   'generator-function': [ '2.0.1' ],
49 silly audit   'get-intrinsic': [ '1.3.0' ],
49 silly audit   'get-proto': [ '1.0.1' ],
49 silly audit   'get-symbol-description': [ '1.1.0' ],
49 silly audit   'get-tsconfig': [ '4.14.0' ],
49 silly audit   glob: [ '10.3.10', '7.2.3' ],
49 silly audit   globals: [ '13.24.0' ],
49 silly audit   globalthis: [ '1.0.4' ],
49 silly audit   gopd: [ '1.2.0' ],
49 silly audit   'graceful-fs': [ '4.2.11' ],
49 silly audit   graphemer: [ '1.4.0' ],
49 silly audit   'has-bigints': [ '1.1.0' ],
49 silly audit   'has-flag': [ '4.0.0' ],
49 silly audit   'has-property-descriptors': [ '1.0.2' ],
49 silly audit   'has-proto': [ '1.2.0' ],
49 silly audit   'has-symbols': [ '1.1.0' ],
49 silly audit   'has-tostringtag': [ '1.0.2' ],
49 silly audit   hasown: [ '2.0.3' ],
49 silly audit   'hast-util-from-dom': [ '5.0.1' ],
49 silly audit   'hast-util-from-html': [ '2.0.3' ],
49 silly audit   'hast-util-from-html-isomorphic': [ '2.0.0' ],
49 silly audit   'hast-util-from-parse5': [ '8.0.3' ],
49 silly audit   'hast-util-is-element': [ '3.0.0' ],
49 silly audit   'hast-util-parse-selector': [ '4.0.0' ],
49 silly audit   'hast-util-to-estree': [ '3.1.3' ],
49 silly audit   'hast-util-to-jsx-runtime': [ '2.3.6' ],
49 silly audit   'hast-util-to-text': [ '4.0.2' ],
49 silly audit   'hast-util-whitespace': [ '3.0.0' ],
49 silly audit   hastscript: [ '9.0.1' ],
49 silly audit   'highlight.js': [ '11.11.1' ],
49 silly audit   'import-fresh': [ '3.3.1' ],
49 silly audit   imurmurhash: [ '0.1.4' ],
49 silly audit   inflight: [ '1.0.6' ],
49 silly audit   inherits: [ '2.0.4' ],
49 silly audit   'inline-style-parser': [ '0.2.7' ],
49 silly audit   'internal-slot': [ '1.1.0' ],
49 silly audit   'is-alphabetical': [ '2.0.1' ],
49 silly audit   'is-alphanumerical': [ '2.0.1' ],
49 silly audit   'is-array-buffer': [ '3.0.5' ],
49 silly audit   'is-async-function': [ '2.1.1' ],
49 silly audit   'is-bigint': [ '1.1.0' ],
49 silly audit   'is-binary-path': [ '2.1.0' ],
49 silly audit   'is-boolean-object': [ '1.2.2' ],
49 silly audit   'is-bun-module': [ '2.0.0' ],
49 silly audit   'is-callable': [ '1.2.7' ],
49 silly audit   'is-core-module': [ '2.16.2' ],
49 silly audit   'is-data-view': [ '1.0.2' ],
49 silly audit   'is-date-object': [ '1.1.0' ],
49 silly audit   'is-decimal': [ '2.0.1' ],
49 silly audit   'is-extglob': [ '2.1.1' ],
49 silly audit   'is-finalizationregistry': [ '1.1.1' ],
49 silly audit   'is-fullwidth-code-point': [ '3.0.0' ],
49 silly audit   'is-generator-function': [ '1.1.2' ],
49 silly audit   'is-glob': [ '4.0.3' ],
49 silly audit   'is-hexadecimal': [ '2.0.1' ],
49 silly audit   'is-map': [ '2.0.3' ],
49 silly audit   'is-negative-zero': [ '2.0.3' ],
49 silly audit   'is-number': [ '7.0.0' ],
49 silly audit   'is-number-object': [ '1.1.1' ],
49 silly audit   'is-path-inside': [ '3.0.3' ],
49 silly audit   'is-plain-obj': [ '4.1.0' ],
49 silly audit   'is-regex': [ '1.2.1' ],
49 silly audit   'is-set': [ '2.0.3' ],
49 silly audit   'is-shared-array-buffer': [ '1.0.4' ],
49 silly audit   'is-string': [ '1.1.1' ],
49 silly audit   'is-symbol': [ '1.1.1' ],
49 silly audit   'is-typed-array': [ '1.1.15' ],
49 silly audit   'is-weakmap': [ '2.0.2' ],
49 silly audit   'is-weakref': [ '1.1.1' ],
49 silly audit   'is-weakset': [ '2.0.4' ],
49 silly audit   isarray: [ '2.0.5' ],
49 silly audit   isexe: [ '2.0.0' ],
49 silly audit   'iterator.prototype': [ '1.1.5' ],
49 silly audit   jackspeak: [ '2.3.6' ],
49 silly audit   jiti: [ '1.21.7' ],
49 silly audit   'js-tokens': [ '4.0.0' ],
49 silly audit   'js-yaml': [ '4.1.1' ],
49 silly audit   'json-buffer': [ '3.0.1' ],
49 silly audit   'json-schema-traverse': [ '0.4.1' ],
49 silly audit   'json-stable-stringify-without-jsonify': [ '1.0.1' ],
49 silly audit   json5: [ '1.0.2' ],
49 silly audit   'jsx-ast-utils': [ '3.3.5' ],
49 silly audit   katex: [ '0.16.45' ],
49 silly audit   keyv: [ '4.5.4' ],
49 silly audit   'language-subtag-registry': [ '0.3.23' ],
49 silly audit   'language-tags': [ '1.0.9' ],
49 silly audit   levn: [ '0.4.1' ],
49 silly audit   lilconfig: [ '3.1.3' ],
49 silly audit   'lines-and-columns': [ '1.2.4' ],
49 silly audit   'locate-path': [ '6.0.0' ],
49 silly audit   'lodash.merge': [ '4.6.2' ],
49 silly audit   'longest-streak': [ '3.1.0' ],
49 silly audit   'loose-envify': [ '1.4.0' ],
49 silly audit   lowlight: [ '3.3.0' ],
49 silly audit   'lru-cache': [ '10.4.3' ],
49 silly audit   'markdown-extensions': [ '2.0.0' ],
49 silly audit   'math-intrinsics': [ '1.1.0' ],
49 silly audit   'mdast-util-from-markdown': [ '2.0.3' ],
49 silly audit   'mdast-util-math': [ '3.0.0' ],
49 silly audit   'mdast-util-mdx': [ '3.0.0' ],
49 silly audit   'mdast-util-mdx-expression': [ '2.0.1' ],
49 silly audit   'mdast-util-mdx-jsx': [ '3.2.0' ],
49 silly audit   'mdast-util-mdxjs-esm': [ '2.0.1' ],
49 silly audit   'mdast-util-phrasing': [ '4.1.0' ],
49 silly audit   'mdast-util-to-hast': [ '13.2.1' ],
49 silly audit   'mdast-util-to-markdown': [ '2.1.2' ],
49 silly audit   'mdast-util-to-string': [ '4.0.0' ],
49 silly audit   merge2: [ '1.4.1' ],
49 silly audit   micromark: [ '4.0.2' ],
49 silly audit   'micromark-core-commonmark': [ '2.0.3' ],
49 silly audit   'micromark-extension-math': [ '3.1.0' ],
49 silly audit   'micromark-extension-mdx-expression': [ '3.0.1' ],
49 silly audit   'micromark-extension-mdx-jsx': [ '3.0.2' ],
49 silly audit   'micromark-extension-mdx-md': [ '2.0.0' ],
49 silly audit   'micromark-extension-mdxjs': [ '3.0.0' ],
49 silly audit   'micromark-extension-mdxjs-esm': [ '3.0.0' ],
49 silly audit   'micromark-factory-destination': [ '2.0.1' ],
49 silly audit   'micromark-factory-label': [ '2.0.1' ],
49 silly audit   'micromark-factory-mdx-expression': [ '2.0.3' ],
49 silly audit   'micromark-factory-space': [ '2.0.1' ],
49 silly audit   'micromark-factory-title': [ '2.0.1' ],
49 silly audit   'micromark-factory-whitespace': [ '2.0.1' ],
49 silly audit   'micromark-util-character': [ '2.1.1' ],
49 silly audit   'micromark-util-chunked': [ '2.0.1' ],
49 silly audit   'micromark-util-classify-character': [ '2.0.1' ],
49 silly audit   'micromark-util-combine-extensions': [ '2.0.1' ],
49 silly audit   'micromark-util-decode-numeric-character-reference': [ '2.0.2' ],
49 silly audit   'micromark-util-decode-string': [ '2.0.1' ],
49 silly audit   'micromark-util-encode': [ '2.0.1' ],
49 silly audit   'micromark-util-events-to-acorn': [ '2.0.3' ],
49 silly audit   'micromark-util-html-tag-name': [ '2.0.1' ],
49 silly audit   'micromark-util-normalize-identifier': [ '2.0.1' ],
49 silly audit   'micromark-util-resolve-all': [ '2.0.1' ],
49 silly audit   'micromark-util-sanitize-uri': [ '2.0.1' ],
49 silly audit   'micromark-util-subtokenize': [ '2.1.0' ],
49 silly audit   'micromark-util-symbol': [ '2.0.1' ],
49 silly audit   'micromark-util-types': [ '2.0.2' ],
49 silly audit   micromatch: [ '4.0.8' ],
49 silly audit   minimist: [ '1.2.8' ],
49 silly audit   minipass: [ '7.1.3' ],
49 silly audit   ms: [ '2.1.3' ],
49 silly audit   mz: [ '2.7.0' ],
49 silly audit   nanoid: [ '3.3.12' ],
49 silly audit   'napi-postinstall': [ '0.3.4' ],
49 silly audit   'natural-compare': [ '1.4.0' ],
49 silly audit   next: [ '14.2.35' ],
49 silly audit   postcss: [ '8.4.31', '8.5.14' ],
49 silly audit   'node-exports-info': [ '1.6.0' ],
49 silly audit   'node-releases': [ '2.0.38' ],
49 silly audit   'normalize-path': [ '3.0.0' ],
49 silly audit   'object-assign': [ '4.1.1' ],
49 silly audit   'object-hash': [ '3.0.0' ],
49 silly audit   'object-inspect': [ '1.13.4' ],
49 silly audit   'object-keys': [ '1.1.1' ],
49 silly audit   'object.assign': [ '4.1.7' ],
49 silly audit   'object.entries': [ '1.1.9' ],
49 silly audit   'object.fromentries': [ '2.0.8' ],
49 silly audit   'object.groupby': [ '1.0.3' ],
49 silly audit   'object.values': [ '1.2.1' ],
49 silly audit   once: [ '1.4.0' ],
49 silly audit   optionator: [ '0.9.4' ],
49 silly audit   'own-keys': [ '1.0.1' ],
49 silly audit   'p-limit': [ '3.1.0' ],
49 silly audit   'p-locate': [ '5.0.0' ],
49 silly audit   'parent-module': [ '1.0.1' ],
49 silly audit   'parse-entities': [ '4.0.2' ],
49 silly audit   parse5: [ '7.3.0' ],
49 silly audit   'path-exists': [ '4.0.0' ],
49 silly audit   'path-is-absolute': [ '1.0.1' ],
49 silly audit   'path-key': [ '3.1.1' ],
49 silly audit   'path-parse': [ '1.0.7' ],
49 silly audit   'path-scurry': [ '1.11.1' ],
49 silly audit   picocolors: [ '1.1.1' ],
49 silly audit   picomatch: [ '2.3.2', '4.0.4' ],
49 silly audit   pify: [ '2.3.0' ],
49 silly audit   pirates: [ '4.0.7' ],
49 silly audit   'possible-typed-array-names': [ '1.1.0' ],
49 silly audit   'postcss-import': [ '15.1.0' ],
49 silly audit   resolve: [ '1.22.12', '2.0.0-next.6' ],
49 silly audit   'postcss-js': [ '4.1.0' ],
49 silly audit   'postcss-load-config': [ '6.0.1' ],
49 silly audit   'postcss-nested': [ '6.2.0' ],
49 silly audit   'postcss-selector-parser': [ '6.1.2' ],
49 silly audit   'postcss-value-parser': [ '4.2.0' ],
49 silly audit   'prelude-ls': [ '1.2.1' ],
49 silly audit   'prop-types': [ '15.8.1' ],
49 silly audit   'property-information': [ '7.1.0' ],
49 silly audit   punycode: [ '2.3.1' ],
49 silly audit   'queue-microtask': [ '1.2.3' ],
49 silly audit   react: [ '18.3.1' ],
49 silly audit   'react-dom': [ '18.3.1' ],
49 silly audit   'react-is': [ '16.13.1' ],
49 silly audit   'read-cache': [ '1.0.0' ],
49 silly audit   readdirp: [ '3.6.0' ],
49 silly audit   'recma-build-jsx': [ '1.0.0' ],
49 silly audit   'recma-jsx': [ '1.0.1' ],
49 silly audit   'recma-parse': [ '1.0.0' ],
49 silly audit   'recma-stringify': [ '1.0.0' ],
49 silly audit   'reflect.getprototypeof': [ '1.0.10' ],
49 silly audit   'regexp.prototype.flags': [ '1.5.4' ],
49 silly audit   'rehype-highlight': [ '7.0.2' ],
49 silly audit   'rehype-katex': [ '7.0.1' ],
49 silly audit   'rehype-recma': [ '1.0.0' ],
49 silly audit   'remark-math': [ '6.0.0' ],
49 silly audit   'remark-mdx': [ '3.1.1' ],
49 silly audit   'remark-parse': [ '11.0.0' ],
49 silly audit   'remark-rehype': [ '11.1.2' ],
49 silly audit   'resolve-from': [ '4.0.0' ],
49 silly audit   'resolve-pkg-maps': [ '1.0.0' ],
49 silly audit   reusify: [ '1.1.0' ],
49 silly audit   rimraf: [ '3.0.2' ],
49 silly audit   'run-parallel': [ '1.2.0' ],
49 silly audit   'safe-array-concat': [ '1.1.4' ],
49 silly audit   'safe-push-apply': [ '1.0.0' ],
49 silly audit   'safe-regex-test': [ '1.1.0' ],
49 silly audit   scheduler: [ '0.23.2' ],
49 silly audit   'set-function-length': [ '1.2.2' ],
49 silly audit   'set-function-name': [ '2.0.2' ],
49 silly audit   'set-proto': [ '1.0.0' ],
49 silly audit   'shebang-command': [ '2.0.0' ],
49 silly audit   'shebang-regex': [ '3.0.0' ],
49 silly audit   'side-channel': [ '1.1.0' ],
49 silly audit   'side-channel-list': [ '1.0.1' ],
49 silly audit   'side-channel-map': [ '1.0.1' ],
49 silly audit   'side-channel-weakmap': [ '1.0.2' ],
49 silly audit   'signal-exit': [ '4.1.0' ],
49 silly audit   'source-map': [ '0.7.6' ],
49 silly audit   'source-map-js': [ '1.2.1' ],
49 silly audit   'space-separated-tokens': [ '2.0.2' ],
49 silly audit   'stable-hash': [ '0.0.5' ],
49 silly audit   'stop-iteration-iterator': [ '1.1.0' ],
49 silly audit   streamsearch: [ '1.1.0' ],
49 silly audit   'string-width': [ '5.1.2', '4.2.3' ],
49 silly audit   'string.prototype.includes': [ '2.0.1' ],
49 silly audit   'string.prototype.matchall': [ '4.0.12' ],
49 silly audit   'string.prototype.repeat': [ '1.0.0' ],
49 silly audit   'string.prototype.trim': [ '1.2.10' ],
49 silly audit   'string.prototype.trimend': [ '1.0.9' ],
49 silly audit   'string.prototype.trimstart': [ '1.0.8' ],
49 silly audit   'stringify-entities': [ '4.0.4' ],
49 silly audit   'strip-bom': [ '3.0.0' ],
49 silly audit   'strip-json-comments': [ '3.1.1' ],
49 silly audit   'style-to-js': [ '1.1.21' ],
49 silly audit   'style-to-object': [ '1.0.14' ],
49 silly audit   'styled-jsx': [ '5.1.1' ],
49 silly audit   sucrase: [ '3.35.1' ],
49 silly audit   'supports-color': [ '7.2.0' ],
49 silly audit   'supports-preserve-symlinks-flag': [ '1.0.0' ],
49 silly audit   tailwindcss: [ '3.4.19' ],
49 silly audit   'text-table': [ '0.2.0' ],
49 silly audit   thenify: [ '3.3.1' ],
49 silly audit   'thenify-all': [ '1.6.0' ],
49 silly audit   tinyglobby: [ '0.2.16' ],
49 silly audit   fdir: [ '6.5.0' ],
49 silly audit   'to-regex-range': [ '5.0.1' ],
49 silly audit   'trim-lines': [ '3.0.1' ],
49 silly audit   trough: [ '2.2.0' ],
49 silly audit   'ts-api-utils': [ '2.5.0' ],
49 silly audit   'ts-interface-checker': [ '0.1.13' ],
49 silly audit   'tsconfig-paths': [ '3.15.0' ],
49 silly audit   tslib: [ '2.8.1' ],
49 silly audit   'type-check': [ '0.4.0' ],
49 silly audit   'type-fest': [ '0.20.2' ],
49 silly audit   'typed-array-buffer': [ '1.0.3' ],
49 silly audit   'typed-array-byte-length': [ '1.0.3' ],
49 silly audit   'typed-array-byte-offset': [ '1.0.4' ],
49 silly audit   'typed-array-length': [ '1.0.7' ],
49 silly audit   typescript: [ '5.9.3' ],
49 silly audit   'unbox-primitive': [ '1.1.0' ],
49 silly audit   'undici-types': [ '6.21.0' ],
49 silly audit   unified: [ '11.0.5' ],
49 silly audit   'unist-util-find-after': [ '5.0.0' ],
49 silly audit   'unist-util-is': [ '6.0.1' ],
49 silly audit   'unist-util-position': [ '5.0.0' ],
49 silly audit   'unist-util-position-from-estree': [ '2.0.0' ],
49 silly audit   'unist-util-remove-position': [ '5.0.0' ],
49 silly audit   'unist-util-stringify-position': [ '4.0.0' ],
49 silly audit   'unist-util-visit': [ '5.1.0' ],
49 silly audit   'unist-util-visit-parents': [ '6.0.2' ],
49 silly audit   'unrs-resolver': [ '1.11.1' ],
49 silly audit   'update-browserslist-db': [ '1.2.3' ],
49 silly audit   'uri-js': [ '4.4.1' ],
49 silly audit   'util-deprecate': [ '1.0.2' ],
49 silly audit   vfile: [ '6.0.3' ],
49 silly audit   'vfile-location': [ '5.0.3' ],
49 silly audit   'vfile-message': [ '4.0.3' ],
49 silly audit   'web-namespaces': [ '2.0.1' ],
49 silly audit   which: [ '2.0.2' ],
49 silly audit   'which-boxed-primitive': [ '1.1.1' ],
49 silly audit   'which-builtin-type': [ '1.2.1' ],
49 silly audit   'which-collection': [ '1.0.2' ],
49 silly audit   'which-typed-array': [ '1.1.20' ],
49 silly audit   'word-wrap': [ '1.2.5' ],
49 silly audit   'wrap-ansi': [ '8.1.0', '7.0.0' ],
49 silly audit   wrappy: [ '1.0.2' ],
49 silly audit   'yocto-queue': [ '0.1.0' ],
49 silly audit   zwitch: [ '2.0.4' ],
49 silly audit   'next-mdx-remote': [ '6.0.0' ],
49 silly audit   '@babel/code-frame': [ '7.29.0' ],
49 silly audit   'unist-util-remove': [ '4.0.0' ],
49 silly audit   'vfile-matter': [ '5.0.1' ],
49 silly audit   '@babel/helper-validator-identifier': [ '7.28.5' ],
49 silly audit   yaml: [ '2.8.4' ]
49 silly audit }
50 http cache yaml@https://registry.npmjs.org/yaml/-/yaml-2.8.4.tgz 0ms (cache hit)
51 http cache @babel/helper-validator-identifier@https://registry.npmjs.org/@babel/helper-validator-identifier/-/helper-validator-identifier-7.28.5.tgz 0ms (cache hit)
52 http cache vfile-matter@https://registry.npmjs.org/vfile-matter/-/vfile-matter-5.0.1.tgz 0ms (cache hit)
53 http cache next-mdx-remote@https://registry.npmjs.org/next-mdx-remote/-/next-mdx-remote-6.0.0.tgz 0ms (cache hit)
54 http cache unist-util-remove@https://registry.npmjs.org/unist-util-remove/-/unist-util-remove-4.0.0.tgz 0ms (cache hit)
55 silly tarball no local data for yaml@https://registry.npmjs.org/yaml/-/yaml-2.8.4.tgz. Extracting by manifest.
56 http cache @babel/code-frame@https://registry.npmjs.org/@babel/code-frame/-/code-frame-7.29.0.tgz 0ms (cache hit)
57 silly tarball no local data for @babel/helper-validator-identifier@https://registry.npmjs.org/@babel/helper-validator-identifier/-/helper-validator-identifier-7.28.5.tgz. Extracting by manifest.
58 silly tarball no local data for vfile-matter@https://registry.npmjs.org/vfile-matter/-/vfile-matter-5.0.1.tgz. Extracting by manifest.
59 silly tarball no local data for next-mdx-remote@https://registry.npmjs.org/next-mdx-remote/-/next-mdx-remote-6.0.0.tgz. Extracting by manifest.
60 silly tarball no local data for unist-util-remove@https://registry.npmjs.org/unist-util-remove/-/unist-util-remove-4.0.0.tgz. Extracting by manifest.
61 silly tarball no local data for @babel/code-frame@https://registry.npmjs.org/@babel/code-frame/-/code-frame-7.29.0.tgz. Extracting by manifest.
62 http fetch GET 200 https://registry.npmjs.org/@babel/helper-validator-identifier/-/helper-validator-identifier-7.28.5.tgz 41ms (cache miss)
63 http fetch GET 200 https://registry.npmjs.org/unist-util-remove/-/unist-util-remove-4.0.0.tgz 60ms (cache miss)
64 http fetch GET 200 https://registry.npmjs.org/next-mdx-remote/-/next-mdx-remote-6.0.0.tgz 65ms (cache miss)
65 http fetch GET 200 https://registry.npmjs.org/vfile-matter/-/vfile-matter-5.0.1.tgz 73ms (cache miss)
66 http fetch GET 200 https://registry.npmjs.org/yaml/-/yaml-2.8.4.tgz 84ms (cache miss)
67 http fetch GET 200 https://registry.npmjs.org/@babel/code-frame/-/code-frame-7.29.0.tgz 96ms (cache miss)
68 http fetch POST 200 https://registry.npmjs.org/-/npm/v1/security/advisories/bulk 152ms
69 silly audit report {
69 silly audit report   glob: [
69 silly audit report     {
69 silly audit report       id: 1109842,
69 silly audit report       url: 'https://github.com/advisories/GHSA-5j98-mcp5-4vw2',
69 silly audit report       title: 'glob CLI: Command injection via -c/--cmd executes matches with shell:true',
69 silly audit report       severity: 'high',
69 silly audit report       vulnerable_versions: '>=10.2.0 <10.5.0',
69 silly audit report       cwe: [Array],
69 silly audit report       cvss: [Object]
69 silly audit report     }
69 silly audit report   ],
69 silly audit report   next: [
69 silly audit report     {
69 silly audit report       id: 1112593,
69 silly audit report       url: 'https://github.com/advisories/GHSA-9g9p-9gw9-jx7f',
69 silly audit report       title: 'Next.js self-hosted applications vulnerable to DoS via Image Optimizer remotePatterns configuration',
69 silly audit report       severity: 'moderate',
69 silly audit report       vulnerable_versions: '>=10.0.0 <15.5.10',
69 silly audit report       cwe: [Array],
69 silly audit report       cvss: [Object]
69 silly audit report     },
69 silly audit report     {
69 silly audit report       id: 1112653,
69 silly audit report       url: 'https://github.com/advisories/GHSA-h25m-26qc-wcjf',
69 silly audit report       title: 'Next.js HTTP request deserialization can lead to DoS when using insecure React Server Components',
69 silly audit report       severity: 'high',
69 silly audit report       vulnerable_versions: '>=13.0.0 <15.0.8',
69 silly audit report       cwe: [Array],
69 silly audit report       cvss: [Object]
69 silly audit report     },
69 silly audit report     {
69 silly audit report       id: 1114897,
69 silly audit report       url: 'https://github.com/advisories/GHSA-ggv3-7p47-pfv8',
69 silly audit report       title: 'Next.js: HTTP request smuggling in rewrites',
69 silly audit report       severity: 'moderate',
69 silly audit report       vulnerable_versions: '>=9.5.0 <15.5.13',
69 silly audit report       cwe: [Array],
69 silly audit report       cvss: [Object]
69 silly audit report     },
69 silly audit report     {
69 silly audit report       id: 1114940,
69 silly audit report       url: 'https://github.com/advisories/GHSA-3x4c-7xq6-9pq8',
69 silly audit report       title: 'Next.js: Unbounded next/image disk cache growth can exhaust storage',
69 silly audit report       severity: 'moderate',
69 silly audit report       vulnerable_versions: '>=10.0.0 <15.5.14',
69 silly audit report       cwe: [Array],
69 silly audit report       cvss: [Object]
69 silly audit report     },
69 silly audit report     {
69 silly audit report       id: 1116376,
69 silly audit report       url: 'https://github.com/advisories/GHSA-q4gf-8mx6-v5v3',
69 silly audit report       title: 'Next.js has a Denial of Service with Server Components',
69 silly audit report       severity: 'high',
69 silly audit report       vulnerable_versions: '>=13.0.0 <15.5.15',
69 silly audit report       cwe: [Array],
69 silly audit report       cvss: [Object]
69 silly audit report     }
69 silly audit report   ],
69 silly audit report   postcss: [
69 silly audit report     {
69 silly audit report       id: 1117015,
69 silly audit report       url: 'https://github.com/advisories/GHSA-qx2v-qp2m-jg93',
69 silly audit report       title: 'PostCSS has XSS via Unescaped </style> in its CSS Stringify Output',
69 silly audit report       severity: 'moderate',
69 silly audit report       vulnerable_versions: '<8.5.10',
69 silly audit report       cwe: [Array],
69 silly audit report       cvss: [Object]
69 silly audit report     }
69 silly audit report   ]
69 silly audit report }
70 silly packumentCache corgi:https://registry.npmjs.org/glob cache-miss
71 silly packumentCache corgi:https://registry.npmjs.org/next cache-miss
72 silly packumentCache corgi:https://registry.npmjs.org/postcss cache-miss
73 http cache https://registry.npmjs.org/postcss 33ms (cache hit)
74 silly packumentCache corgi:https://registry.npmjs.org/postcss set size:343873 disposed:false
75 http cache https://registry.npmjs.org/glob 36ms (cache hit)
76 silly packumentCache corgi:https://registry.npmjs.org/glob set size:199194 disposed:false
77 http cache https://registry.npmjs.org/next 50ms (cache hit)
78 silly packumentCache corgi:https://registry.npmjs.org/next set size:24945663 disposed:false
79 silly packumentCache corgi:https://registry.npmjs.org/@next%2feslint-plugin-next cache-miss
80 http cache https://registry.npmjs.org/@next%2feslint-plugin-next 4ms (cache hit)
81 silly packumentCache corgi:https://registry.npmjs.org/@next%2feslint-plugin-next set size:3217334 disposed:false
82 silly packumentCache corgi:https://registry.npmjs.org/eslint-config-next cache-miss
83 http cache https://registry.npmjs.org/eslint-config-next 3ms (cache hit)
84 silly packumentCache corgi:https://registry.npmjs.org/eslint-config-next set size:3874819 disposed:false
85 silly ADD node_modules/yaml
86 silly ADD node_modules/@babel/helper-validator-identifier
87 silly ADD node_modules/vfile-matter
88 silly ADD node_modules/unist-util-remove
89 silly ADD node_modules/@babel/code-frame
90 silly ADD node_modules/next-mdx-remote
91 verbose cwd /Users/miguelfribeiro/Documents/SecLayer
92 verbose os Darwin 25.4.0
93 verbose node v22.17.0
94 verbose npm  v11.8.0
95 verbose exit 0
96 info ok
